2025-10-10T07:01:39,422 INFO  [main] [org.nuxeo.launcher.config.ConfigurationGenerator] Nuxeo home:          /opt/nuxeo/server
2025-10-10T07:01:39,425 INFO  [main] [org.nuxeo.launcher.config.ConfigurationGenerator] Nuxeo configuration: /etc/nuxeo/nuxeo.conf
2025-10-10T07:01:39,467 INFO  [main] [org.nuxeo.launcher.config.ConfigurationGenerator] Include template: /opt/nuxeo/server/templates/common-base
2025-10-10T07:01:39,467 INFO  [main] [org.nuxeo.launcher.config.ConfigurationGenerator] Include template: /opt/nuxeo/server/templates/common
2025-10-10T07:01:39,468 INFO  [main] [org.nuxeo.launcher.config.ConfigurationGenerator] Include template: /opt/nuxeo/server/templates/default
2025-10-10T07:01:39,469 INFO  [main] [org.nuxeo.launcher.config.ConfigurationGenerator] Include template: /opt/nuxeo/server/templates/docker
2025-10-10T07:01:39,642 INFO  [main] [org.nuxeo.launcher.connect.ConnectBroker] Added /opt/nuxeo/packages/2025-charul.thacker.auditeur@lecnam.net.zip
2025-10-10T07:01:40,936 WARN  [main] [org.apache.http.client.protocol.ResponseProcessCookies] Invalid cookie header: "Set-Cookie: AWSALB=qYEPkbJGx+8xNfj6ifQMxZnUGi0fvHY9k3wAji2U49tAhOajN4HVpSdySJF+y7EfP2+JX/Cqd4sRgD8JL9DpvPm3um5otu2TBtdzrRJBIxLM09RJokHY396jzQUk; Expires=Fri, 17 Oct 2025 07:01:41 GMT; Path=/". Invalid 'expires' attribute: Fri, 17 Oct 2025 07:01:41 GMT
2025-10-10T07:01:40,937 WARN  [main] [org.apache.http.client.protocol.ResponseProcessCookies] Invalid cookie header: "Set-Cookie: AWSALBCORS=qYEPkbJGx+8xNfj6ifQMxZnUGi0fvHY9k3wAji2U49tAhOajN4HVpSdySJF+y7EfP2+JX/Cqd4sRgD8JL9DpvPm3um5otu2TBtdzrRJBIxLM09RJokHY396jzQUk; Expires=Fri, 17 Oct 2025 07:01:41 GMT; Path=/; SameSite=None; Secure". Invalid 'expires' attribute: Fri, 17 Oct 2025 07:01:41 GMT
2025-10-10T07:01:41,414 WARN  [main] [org.apache.http.client.protocol.ResponseProcessCookies] Invalid cookie header: "Set-Cookie: AWSALB=ev1zSD2KbOGb+LzDQkqE/51vDar/Z4yJC2Rn+c6UWlFYrCs44QR1sJh5ktS2ENa7O+9WqRPrGhPZ2vN1wmWM3Z7kX/og/9PVN/TqzoKvDN/LsBANtGc+3Ij36qCA; Expires=Fri, 17 Oct 2025 07:01:42 GMT; Path=/". Invalid 'expires' attribute: Fri, 17 Oct 2025 07:01:42 GMT
2025-10-10T07:01:41,415 WARN  [main] [org.apache.http.client.protocol.ResponseProcessCookies] Invalid cookie header: "Set-Cookie: AWSALBCORS=ev1zSD2KbOGb+LzDQkqE/51vDar/Z4yJC2Rn+c6UWlFYrCs44QR1sJh5ktS2ENa7O+9WqRPrGhPZ2vN1wmWM3Z7kX/og/9PVN/TqzoKvDN/LsBANtGc+3Ij36qCA; Expires=Fri, 17 Oct 2025 07:01:42 GMT; Path=/; SameSite=None; Secure". Invalid 'expires' attribute: Fri, 17 Oct 2025 07:01:42 GMT
2025-10-10T07:01:42,007 WARN  [main] [org.apache.http.client.protocol.ResponseProcessCookies] Invalid cookie header: "Set-Cookie: AWSALB=fb0FmnAkEYtNwmiqwz6YV8bUxggfr6mFNykt55ypd5VRgMbmhMI883JlsRTOqt1ZnntsWdFTpAP9V0vzXhwExS+Op5zwLNMcQEXApnn+0BSZaFJNXLylYulg8pR/; Expires=Fri, 17 Oct 2025 07:01:42 GMT; Path=/". Invalid 'expires' attribute: Fri, 17 Oct 2025 07:01:42 GMT
2025-10-10T07:01:42,009 WARN  [main] [org.apache.http.client.protocol.ResponseProcessCookies] Invalid cookie header: "Set-Cookie: AWSALBCORS=fb0FmnAkEYtNwmiqwz6YV8bUxggfr6mFNykt55ypd5VRgMbmhMI883JlsRTOqt1ZnntsWdFTpAP9V0vzXhwExS+Op5zwLNMcQEXApnn+0BSZaFJNXLylYulg8pR/; Expires=Fri, 17 Oct 2025 07:01:42 GMT; Path=/; SameSite=None; Secure". Invalid 'expires' attribute: Fri, 17 Oct 2025 07:01:42 GMT
2025-10-10T07:01:42,996 INFO  [main] [org.nuxeo.launcher.connect.ConnectBroker] 
Dependency resolution:
  Installation order (6):        nuxeo-jsf-ui-10.10.0/nuxeo-web-ui-2.4.0/nuxeo-dam-6.4.3/nuxeo-jsf-to-web-ui-1.2.3/nuxeo-platform-getting-started-1.3.3/2025-0.0.0-SNAPSHOT
  Packages to download (3):      nuxeo-jsf-ui:10.10.0, nuxeo-jsf-to-web-ui:1.2.3, nuxeo-platform-getting-started:1.3.3
  Local packages to install (3): nuxeo-web-ui:2.4.0, 2025:0.0.0-SNAPSHOT, nuxeo-dam:6.4.3

2025-10-10T07:01:43,012 INFO  [main] [org.nuxeo.launcher.connect.ConnectBroker] Downloading [nuxeo-jsf-ui-10.10.0, nuxeo-jsf-to-web-ui-1.2.3, nuxeo-platform-getting-started-1.3.3]...
2025-10-10T07:01:43,271 WARN  [main] [org.apache.http.client.protocol.ResponseProcessCookies] Invalid cookie header: "Set-Cookie: AWSALB=XmpAOG0ICLaiLjRW+s7h7zI+FB4bbFQu6NFYgrxIOlbTasfOC9QQ5M84Frg+Q78v0m+mmtbnbTITj0RiHNo5H+POLD9HpPd+eqMHXX/yum8AAlx2yPYcWcuYiVqE; Expires=Fri, 17 Oct 2025 07:01:44 GMT; Path=/". Invalid 'expires' attribute: Fri, 17 Oct 2025 07:01:44 GMT
2025-10-10T07:01:43,272 WARN  [main] [org.apache.http.client.protocol.ResponseProcessCookies] Invalid cookie header: "Set-Cookie: AWSALBCORS=XmpAOG0ICLaiLjRW+s7h7zI+FB4bbFQu6NFYgrxIOlbTasfOC9QQ5M84Frg+Q78v0m+mmtbnbTITj0RiHNo5H+POLD9HpPd+eqMHXX/yum8AAlx2yPYcWcuYiVqE; Expires=Fri, 17 Oct 2025 07:01:44 GMT; Path=/; SameSite=None; Secure". Invalid 'expires' attribute: Fri, 17 Oct 2025 07:01:44 GMT
2025-10-10T07:01:43,545 WARN  [main] [org.apache.http.client.protocol.ResponseProcessCookies] Invalid cookie header: "Set-Cookie: AWSALB=LqDlxPlhNv93pI0K1gim4SsQMOD/bUcKZ1CHEcAnsnTfTfFlf63zhgQSpWmE0eixImX+Joqw3/QgWh6uj94JjUesjw2gWXioSOLjhMTZlCwDXIliy0yE23BPKPvC; Expires=Fri, 17 Oct 2025 07:01:44 GMT; Path=/". Invalid 'expires' attribute: Fri, 17 Oct 2025 07:01:44 GMT
2025-10-10T07:01:43,546 WARN  [ConnectDownloadThread-1-1] [org.apache.http.client.protocol.ResponseProcessCookies] Invalid cookie header: "Set-Cookie: AWSALB=6T3YZdICLtBTw6RLQY4XVHjrsw+QfDHpNVEn2txOlZDpQ1sEywlQb44j5yAhDXu7mxT5m1bvBV/hVVkuWFxkd7WKhNVpHe9SMyrSg/R3ce3OnU8XDA7G+L1IS+q7; Expires=Fri, 17 Oct 2025 07:01:44 GMT; Path=/". Invalid 'expires' attribute: Fri, 17 Oct 2025 07:01:44 GMT
2025-10-10T07:01:43,547 WARN  [main] [org.apache.http.client.protocol.ResponseProcessCookies] Invalid cookie header: "Set-Cookie: AWSALBCORS=LqDlxPlhNv93pI0K1gim4SsQMOD/bUcKZ1CHEcAnsnTfTfFlf63zhgQSpWmE0eixImX+Joqw3/QgWh6uj94JjUesjw2gWXioSOLjhMTZlCwDXIliy0yE23BPKPvC; Expires=Fri, 17 Oct 2025 07:01:44 GMT; Path=/; SameSite=None; Secure". Invalid 'expires' attribute: Fri, 17 Oct 2025 07:01:44 GMT
2025-10-10T07:01:43,548 WARN  [ConnectDownloadThread-1-1] [org.apache.http.client.protocol.ResponseProcessCookies] Invalid cookie header: "Set-Cookie: AWSALBCORS=6T3YZdICLtBTw6RLQY4XVHjrsw+QfDHpNVEn2txOlZDpQ1sEywlQb44j5yAhDXu7mxT5m1bvBV/hVVkuWFxkd7WKhNVpHe9SMyrSg/R3ce3OnU8XDA7G+L1IS+q7; Expires=Fri, 17 Oct 2025 07:01:44 GMT; Path=/; SameSite=None; Secure". Invalid 'expires' attribute: Fri, 17 Oct 2025 07:01:44 GMT
2025-10-10T07:01:43,601 WARN  [ConnectDownloadThread-1-1] [org.apache.http.client.protocol.ResponseProcessCookies] Invalid cookie header: "Set-Cookie: AWSALB=0k4PpdjHNAn2PvZsDe7O0tHTS/A+dfFBIfHPOaQCUXEOQJi9yr0chhTWN6tE+Yze9EllX83R9RNdkxdnXAcysUzIg1EiZAZi3Bcwsz0C82P0I0okaNT7UjNQz9Op; Expires=Fri, 17 Oct 2025 07:01:45 GMT; Path=/". Invalid 'expires' attribute: Fri, 17 Oct 2025 07:01:45 GMT
2025-10-10T07:01:43,601 WARN  [ConnectDownloadThread-1-1] [org.apache.http.client.protocol.ResponseProcessCookies] Invalid cookie header: "Set-Cookie: AWSALBCORS=0k4PpdjHNAn2PvZsDe7O0tHTS/A+dfFBIfHPOaQCUXEOQJi9yr0chhTWN6tE+Yze9EllX83R9RNdkxdnXAcysUzIg1EiZAZi3Bcwsz0C82P0I0okaNT7UjNQz9Op; Expires=Fri, 17 Oct 2025 07:01:45 GMT; Path=/; SameSite=None; Secure". Invalid 'expires' attribute: Fri, 17 Oct 2025 07:01:45 GMT
2025-10-10T07:01:43,750 WARN  [main] [org.apache.http.client.protocol.ResponseProcessCookies] Invalid cookie header: "Set-Cookie: AWSALB=mNywOXz5eeWgsenDssgOZzwlvKw4y6aK0ZsN4wcFDe3+JGe1gbEttbAIEonOXhBLdYdaYYGgiq9tbA/4zjL2MQ5657K+qqVPY3tWAZ03SNPD8r3e19/X7FoEACiB; Expires=Fri, 17 Oct 2025 07:01:45 GMT; Path=/". Invalid 'expires' attribute: Fri, 17 Oct 2025 07:01:45 GMT
2025-10-10T07:01:43,750 WARN  [main] [org.apache.http.client.protocol.ResponseProcessCookies] Invalid cookie header: "Set-Cookie: AWSALBCORS=mNywOXz5eeWgsenDssgOZzwlvKw4y6aK0ZsN4wcFDe3+JGe1gbEttbAIEonOXhBLdYdaYYGgiq9tbA/4zjL2MQ5657K+qqVPY3tWAZ03SNPD8r3e19/X7FoEACiB; Expires=Fri, 17 Oct 2025 07:01:45 GMT; Path=/; SameSite=None; Secure". Invalid 'expires' attribute: Fri, 17 Oct 2025 07:01:45 GMT
2025-10-10T07:01:46,983 INFO  [ConnectDownloadThread-1-1] [org.nuxeo.connect.downloads.LocalDownloadingPackage] Added nuxeo-jsf-ui-10.10.0
2025-10-10T07:01:48,813 WARN  [ConnectDownloadThread-1-1] [org.apache.http.client.protocol.ResponseProcessCookies] Invalid cookie header: "Set-Cookie: AWSALB=qEXUn9blRGaKT5yQZhidbOh7x3s2qaJln3oyDmR3+y5drj/uqwKhP4aBB7YfZth6B2sJ1Uo0K3vRQOKM4/4RM+CWVNGKXa3qdO4Aw+aqs4tehU3JLY/kO/aRQMqK; Expires=Fri, 17 Oct 2025 07:01:48 GMT; Path=/". Invalid 'expires' attribute: Fri, 17 Oct 2025 07:01:48 GMT
2025-10-10T07:01:48,813 WARN  [ConnectDownloadThread-1-1] [org.apache.http.client.protocol.ResponseProcessCookies] Invalid cookie header: "Set-Cookie: AWSALBCORS=qEXUn9blRGaKT5yQZhidbOh7x3s2qaJln3oyDmR3+y5drj/uqwKhP4aBB7YfZth6B2sJ1Uo0K3vRQOKM4/4RM+CWVNGKXa3qdO4Aw+aqs4tehU3JLY/kO/aRQMqK; Expires=Fri, 17 Oct 2025 07:01:48 GMT; Path=/; SameSite=None; Secure". Invalid 'expires' attribute: Fri, 17 Oct 2025 07:01:48 GMT
2025-10-10T07:01:48,990 WARN  [ConnectDownloadThread-1-1] [org.apache.http.client.protocol.ResponseProcessCookies] Invalid cookie header: "Set-Cookie: AWSALB=O5o/Fb8wUag6PY5otd0CpBXhCn260fGIjMhptaUJtNgB2EAoIZrtINH91+w51ngPlN6L6i4gGvxlb7s7nY+qApGw81wkol4/fqQgbrtXX49FUJV/qTd/U2M6Huk5; Expires=Fri, 17 Oct 2025 07:01:48 GMT; Path=/". Invalid 'expires' attribute: Fri, 17 Oct 2025 07:01:48 GMT
2025-10-10T07:01:48,991 WARN  [ConnectDownloadThread-1-1] [org.apache.http.client.protocol.ResponseProcessCookies] Invalid cookie header: "Set-Cookie: AWSALBCORS=O5o/Fb8wUag6PY5otd0CpBXhCn260fGIjMhptaUJtNgB2EAoIZrtINH91+w51ngPlN6L6i4gGvxlb7s7nY+qApGw81wkol4/fqQgbrtXX49FUJV/qTd/U2M6Huk5; Expires=Fri, 17 Oct 2025 07:01:48 GMT; Path=/; SameSite=None; Secure". Invalid 'expires' attribute: Fri, 17 Oct 2025 07:01:48 GMT
2025-10-10T07:01:49,001 INFO  [ConnectDownloadThread-1-1] [org.nuxeo.connect.downloads.LocalDownloadingPackage] Added nuxeo-jsf-to-web-ui-1.2.3
2025-10-10T07:01:49,119 WARN  [ConnectDownloadThread-1-1] [org.apache.http.client.protocol.ResponseProcessCookies] Invalid cookie header: "Set-Cookie: AWSALB=Ecpy1BXIG+xyqY61zcz7/JrwgmxFB75S7Fz8k+WqAAKBqnUcIlcXuotkphpOz3u9lKcyV7cds2KqheC9SF6IprAmC2ZsHvjjZ+xnxkyTZcG29IkJAToCeK27rllS; Expires=Fri, 17 Oct 2025 07:01:49 GMT; Path=/". Invalid 'expires' attribute: Fri, 17 Oct 2025 07:01:49 GMT
2025-10-10T07:01:49,120 WARN  [ConnectDownloadThread-1-1] [org.apache.http.client.protocol.ResponseProcessCookies] Invalid cookie header: "Set-Cookie: AWSALBCORS=Ecpy1BXIG+xyqY61zcz7/JrwgmxFB75S7Fz8k+WqAAKBqnUcIlcXuotkphpOz3u9lKcyV7cds2KqheC9SF6IprAmC2ZsHvjjZ+xnxkyTZcG29IkJAToCeK27rllS; Expires=Fri, 17 Oct 2025 07:01:49 GMT; Path=/; SameSite=None; Secure". Invalid 'expires' attribute: Fri, 17 Oct 2025 07:01:49 GMT
2025-10-10T07:01:49,162 WARN  [ConnectDownloadThread-1-1] [org.apache.http.client.protocol.ResponseProcessCookies] Invalid cookie header: "Set-Cookie: AWSALB=SCQGJIHAPU3RdInFlwbDw0yO+MWPKnZFr65mMQPFwvplPrUyShkXO4OdLzIs7Xt1AQD9efuFyBDNujVv2okFo6yQWOaReSQVr8MWt8KvlntFVa7oSyGKe+C3P7C3; Expires=Fri, 17 Oct 2025 07:01:49 GMT; Path=/". Invalid 'expires' attribute: Fri, 17 Oct 2025 07:01:49 GMT
2025-10-10T07:01:49,162 WARN  [ConnectDownloadThread-1-1] [org.apache.http.client.protocol.ResponseProcessCookies] Invalid cookie header: "Set-Cookie: AWSALBCORS=SCQGJIHAPU3RdInFlwbDw0yO+MWPKnZFr65mMQPFwvplPrUyShkXO4OdLzIs7Xt1AQD9efuFyBDNujVv2okFo6yQWOaReSQVr8MWt8KvlntFVa7oSyGKe+C3P7C3; Expires=Fri, 17 Oct 2025 07:01:49 GMT; Path=/; SameSite=None; Secure". Invalid 'expires' attribute: Fri, 17 Oct 2025 07:01:49 GMT
2025-10-10T07:01:50,070 INFO  [ConnectDownloadThread-1-1] [org.nuxeo.connect.downloads.LocalDownloadingPackage] Added nuxeo-platform-getting-started-1.3.3
2025-10-10T07:01:50,453 INFO  [main] [org.nuxeo.launcher.connect.ConnectBroker] Installing nuxeo-jsf-ui-10.10.0
2025-10-10T07:01:50,715 INFO  [main] [org.nuxeo.launcher.connect.ConnectBroker] Installing nuxeo-web-ui-2.4.0
2025-10-10T07:01:50,757 INFO  [main] [org.nuxeo.launcher.connect.ConnectBroker] Installing nuxeo-dam-6.4.3
2025-10-10T07:01:50,956 INFO  [main] [org.nuxeo.launcher.connect.ConnectBroker] Installing nuxeo-jsf-to-web-ui-1.2.3
2025-10-10T07:01:50,970 INFO  [main] [org.nuxeo.launcher.connect.ConnectBroker] Installing nuxeo-platform-getting-started-1.3.3
2025-10-10T07:01:51,010 INFO  [main] [org.nuxeo.launcher.connect.ConnectBroker] Installing 2025-0.0.0-SNAPSHOT
2025-10-10T07:01:51,739 INFO  [main] [org.nuxeo.launcher.config.ConfigurationGenerator] Nuxeo home:          /opt/nuxeo/server
2025-10-10T07:01:51,741 INFO  [main] [org.nuxeo.launcher.config.ConfigurationGenerator] Nuxeo configuration: /etc/nuxeo/nuxeo.conf
2025-10-10T07:01:51,759 INFO  [main] [org.nuxeo.launcher.config.ConfigurationGenerator] Include template: /opt/nuxeo/server/templates/common-base
2025-10-10T07:01:51,759 INFO  [main] [org.nuxeo.launcher.config.ConfigurationGenerator] Include template: /opt/nuxeo/server/templates/common
2025-10-10T07:01:51,760 INFO  [main] [org.nuxeo.launcher.config.ConfigurationGenerator] Include template: /opt/nuxeo/server/templates/default
2025-10-10T07:01:51,761 INFO  [main] [org.nuxeo.launcher.config.ConfigurationGenerator] Include template: /opt/nuxeo/server/templates/docker
2025-10-10T07:01:51,875 INFO  [NuxeoProcessThread-0] [org.nuxeo.launcher.config.ConfigurationGenerator] No current configuration, generating files...
2025-10-10T07:01:52,147 INFO  [NuxeoProcessThread-0] [org.nuxeo.launcher.config.ConfigurationGenerator] Configuration files generated.
2025-10-10T07:01:53,164 WARN  [NuxeoProcessThread-0] [org.nuxeo.launcher.NuxeoLauncher] Server started with process ID 293.
2025-10-10T07:01:53,167 INFO  [NuxeoProcessThread-0] [org.nuxeo.launcher.NuxeoLauncher] Go to http://localhost:8091/nuxeo
2025-10-10T11:57:16,896 INFO  [main] [org.nuxeo.launcher.config.ConfigurationGenerator] Nuxeo home:          /opt/nuxeo/server
2025-10-10T11:57:16,899 INFO  [main] [org.nuxeo.launcher.config.ConfigurationGenerator] Nuxeo configuration: /etc/nuxeo/nuxeo.conf
2025-10-10T11:57:16,918 INFO  [main] [org.nuxeo.launcher.config.ConfigurationGenerator] Include template: /opt/nuxeo/server/templates/common-base
2025-10-10T11:57:16,918 INFO  [main] [org.nuxeo.launcher.config.ConfigurationGenerator] Include template: /opt/nuxeo/server/templates/common
2025-10-10T11:57:16,919 INFO  [main] [org.nuxeo.launcher.config.ConfigurationGenerator] Include template: /opt/nuxeo/server/templates/default
2025-10-10T11:57:16,920 INFO  [main] [org.nuxeo.launcher.config.ConfigurationGenerator] Include template: /opt/nuxeo/server/templates/docker
2025-10-10T11:57:17,082 INFO  [main] [org.nuxeo.launcher.connect.ConnectBroker] Added /opt/nuxeo/packages/2025-charul.thacker.auditeur@lecnam.net.zip
2025-10-10T11:57:18,099 WARN  [main] [org.apache.http.client.protocol.ResponseProcessCookies] Invalid cookie header: "Set-Cookie: AWSALB=JuAkHXzQPyIkpPkhlF1v8R5jhyqs5kTJnKMejAn64eTu6s6oCMH1aRlaHrMfwBcs5uqlbbnS4dA2LUSzpL0Yw9EGBPxc3Fwe+9xqk7O+maTRb2Zl1puiPwSqIgzR; Expires=Fri, 17 Oct 2025 11:57:17 GMT; Path=/". Invalid 'expires' attribute: Fri, 17 Oct 2025 11:57:17 GMT
2025-10-10T11:57:18,100 WARN  [main] [org.apache.http.client.protocol.ResponseProcessCookies] Invalid cookie header: "Set-Cookie: AWSALBCORS=JuAkHXzQPyIkpPkhlF1v8R5jhyqs5kTJnKMejAn64eTu6s6oCMH1aRlaHrMfwBcs5uqlbbnS4dA2LUSzpL0Yw9EGBPxc3Fwe+9xqk7O+maTRb2Zl1puiPwSqIgzR; Expires=Fri, 17 Oct 2025 11:57:17 GMT; Path=/; SameSite=None; Secure". Invalid 'expires' attribute: Fri, 17 Oct 2025 11:57:17 GMT
2025-10-10T11:57:18,640 WARN  [main] [org.apache.http.client.protocol.ResponseProcessCookies] Invalid cookie header: "Set-Cookie: AWSALB=xuUZTXV+/NsN3eXlbc4HYPo5ruFW2pDPO8frT/ImmO522e+haxMQFSoXsTBV/yhpUZlAs/TKx5lYZnP9lk3DsM87pDLTMBZmJzgwNQDfUENyxdThavPkEjQRGrj/; Expires=Fri, 17 Oct 2025 11:57:18 GMT; Path=/". Invalid 'expires' attribute: Fri, 17 Oct 2025 11:57:18 GMT
2025-10-10T11:57:18,641 WARN  [main] [org.apache.http.client.protocol.ResponseProcessCookies] Invalid cookie header: "Set-Cookie: AWSALBCORS=xuUZTXV+/NsN3eXlbc4HYPo5ruFW2pDPO8frT/ImmO522e+haxMQFSoXsTBV/yhpUZlAs/TKx5lYZnP9lk3DsM87pDLTMBZmJzgwNQDfUENyxdThavPkEjQRGrj/; Expires=Fri, 17 Oct 2025 11:57:18 GMT; Path=/; SameSite=None; Secure". Invalid 'expires' attribute: Fri, 17 Oct 2025 11:57:18 GMT
2025-10-10T11:57:20,358 WARN  [main] [org.apache.http.client.protocol.ResponseProcessCookies] Invalid cookie header: "Set-Cookie: AWSALB=KbD1+io1pq8dFwnGoahIze9ujTr4oHl4IOYEYsp7dyVW6ZxqPei3Lg2+Mrsd1GLHNkYMAsl0xkc6Q/BU3xAG6zr1ojxo+EGFh5rlnAI6E4C3mWtbIqfAY5e9uoRE; Expires=Fri, 17 Oct 2025 11:57:19 GMT; Path=/". Invalid 'expires' attribute: Fri, 17 Oct 2025 11:57:19 GMT
2025-10-10T11:57:20,361 WARN  [main] [org.apache.http.client.protocol.ResponseProcessCookies] Invalid cookie header: "Set-Cookie: AWSALBCORS=KbD1+io1pq8dFwnGoahIze9ujTr4oHl4IOYEYsp7dyVW6ZxqPei3Lg2+Mrsd1GLHNkYMAsl0xkc6Q/BU3xAG6zr1ojxo+EGFh5rlnAI6E4C3mWtbIqfAY5e9uoRE; Expires=Fri, 17 Oct 2025 11:57:19 GMT; Path=/; SameSite=None; Secure". Invalid 'expires' attribute: Fri, 17 Oct 2025 11:57:19 GMT
2025-10-10T11:57:21,564 INFO  [main] [org.nuxeo.launcher.connect.ConnectBroker] 
Dependency resolution:
  Installation order (6):        nuxeo-jsf-ui-10.10.0/nuxeo-web-ui-2.4.0/nuxeo-dam-6.4.3/nuxeo-jsf-to-web-ui-1.2.3/nuxeo-platform-getting-started-1.3.3/2025-0.0.0-SNAPSHOT
  Packages to download (3):      nuxeo-jsf-ui:10.10.0, nuxeo-jsf-to-web-ui:1.2.3, nuxeo-platform-getting-started:1.3.3
  Local packages to install (3): nuxeo-web-ui:2.4.0, 2025:0.0.0-SNAPSHOT, nuxeo-dam:6.4.3

2025-10-10T11:57:21,594 INFO  [main] [org.nuxeo.launcher.connect.ConnectBroker] Downloading [nuxeo-jsf-ui-10.10.0, nuxeo-jsf-to-web-ui-1.2.3, nuxeo-platform-getting-started-1.3.3]...
2025-10-10T11:57:21,733 WARN  [main] [org.apache.http.client.protocol.ResponseProcessCookies] Invalid cookie header: "Set-Cookie: AWSALB=UCIPTxsOooUbz7b3vXwlbGkY/yj7QP05YsK6/QnzicrWSJEZmCzkKiVI9Bnys07OeYKUgFjLdnktHBPhemdW44fQwlR0HA3VbLllQnSYr59SvJTRJhfwQFzus7Ly; Expires=Fri, 17 Oct 2025 11:57:22 GMT; Path=/". Invalid 'expires' attribute: Fri, 17 Oct 2025 11:57:22 GMT
2025-10-10T11:57:21,734 WARN  [main] [org.apache.http.client.protocol.ResponseProcessCookies] Invalid cookie header: "Set-Cookie: AWSALBCORS=UCIPTxsOooUbz7b3vXwlbGkY/yj7QP05YsK6/QnzicrWSJEZmCzkKiVI9Bnys07OeYKUgFjLdnktHBPhemdW44fQwlR0HA3VbLllQnSYr59SvJTRJhfwQFzus7Ly; Expires=Fri, 17 Oct 2025 11:57:22 GMT; Path=/; SameSite=None; Secure". Invalid 'expires' attribute: Fri, 17 Oct 2025 11:57:22 GMT
2025-10-10T11:57:21,854 WARN  [ConnectDownloadThread-1-1] [org.apache.http.client.protocol.ResponseProcessCookies] Invalid cookie header: "Set-Cookie: AWSALB=pOLMTKecZaLM59hxFBUWHEjUGoCQHDeoQJrDOb40RtP5FYmj06bYklPblDYstlr/LfqcNTx6mqGMtGmaur9RvaMlkBvRaOxjYgt6XJOX/Y6FlDJvSxw+vcCKZrsy; Expires=Fri, 17 Oct 2025 11:57:22 GMT; Path=/". Invalid 'expires' attribute: Fri, 17 Oct 2025 11:57:22 GMT
2025-10-10T11:57:21,856 WARN  [ConnectDownloadThread-1-1] [org.apache.http.client.protocol.ResponseProcessCookies] Invalid cookie header: "Set-Cookie: AWSALBCORS=pOLMTKecZaLM59hxFBUWHEjUGoCQHDeoQJrDOb40RtP5FYmj06bYklPblDYstlr/LfqcNTx6mqGMtGmaur9RvaMlkBvRaOxjYgt6XJOX/Y6FlDJvSxw+vcCKZrsy; Expires=Fri, 17 Oct 2025 11:57:22 GMT; Path=/; SameSite=None; Secure". Invalid 'expires' attribute: Fri, 17 Oct 2025 11:57:22 GMT
2025-10-10T11:57:21,858 WARN  [main] [org.apache.http.client.protocol.ResponseProcessCookies] Invalid cookie header: "Set-Cookie: AWSALB=Y42uRqQs7j0CJsmvQywbwBuSPfMrCSS3vrxGLXlYxss+g+esdML2ayCcK6ULAg6K5115C09YCPOFG1fqyAodnc4aelcp7rxelr5qGZz/JfZFeIaq8cWzjdNGrzbh; Expires=Fri, 17 Oct 2025 11:57:22 GMT; Path=/". Invalid 'expires' attribute: Fri, 17 Oct 2025 11:57:22 GMT
2025-10-10T11:57:21,859 WARN  [main] [org.apache.http.client.protocol.ResponseProcessCookies] Invalid cookie header: "Set-Cookie: AWSALBCORS=Y42uRqQs7j0CJsmvQywbwBuSPfMrCSS3vrxGLXlYxss+g+esdML2ayCcK6ULAg6K5115C09YCPOFG1fqyAodnc4aelcp7rxelr5qGZz/JfZFeIaq8cWzjdNGrzbh; Expires=Fri, 17 Oct 2025 11:57:22 GMT; Path=/; SameSite=None; Secure". Invalid 'expires' attribute: Fri, 17 Oct 2025 11:57:22 GMT
2025-10-10T11:57:21,908 WARN  [ConnectDownloadThread-1-1] [org.apache.http.client.protocol.ResponseProcessCookies] Invalid cookie header: "Set-Cookie: AWSALB=LKaMFTawJgn8FT1VGSJLf9yN8HpnVlTaVlz2LgOheMORkEqYEqXE7mWVYiN/649iPzeLo/c821NKSjvTgZTikn1lmQfQO9Kr9sPtkOtkiCPL4fLsWm5Onr0uNHAA; Expires=Fri, 17 Oct 2025 11:57:22 GMT; Path=/". Invalid 'expires' attribute: Fri, 17 Oct 2025 11:57:22 GMT
2025-10-10T11:57:21,911 WARN  [ConnectDownloadThread-1-1] [org.apache.http.client.protocol.ResponseProcessCookies] Invalid cookie header: "Set-Cookie: AWSALBCORS=LKaMFTawJgn8FT1VGSJLf9yN8HpnVlTaVlz2LgOheMORkEqYEqXE7mWVYiN/649iPzeLo/c821NKSjvTgZTikn1lmQfQO9Kr9sPtkOtkiCPL4fLsWm5Onr0uNHAA; Expires=Fri, 17 Oct 2025 11:57:22 GMT; Path=/; SameSite=None; Secure". Invalid 'expires' attribute: Fri, 17 Oct 2025 11:57:22 GMT
2025-10-10T11:57:22,048 WARN  [main] [org.apache.http.client.protocol.ResponseProcessCookies] Invalid cookie header: "Set-Cookie: AWSALB=VPvKeRP2/lYUIF5UhgYq/4IdrPoBuEVZ6uJ/9a0OloGovDYGxrd08OkEqrbXHlJ5Ar9lagbAH2QZFulFMAHKU4LNQykVqI6OJWBN8tqOEBJ5MG8aqmdiiU30bzdy; Expires=Fri, 17 Oct 2025 11:57:22 GMT; Path=/". Invalid 'expires' attribute: Fri, 17 Oct 2025 11:57:22 GMT
2025-10-10T11:57:22,049 WARN  [main] [org.apache.http.client.protocol.ResponseProcessCookies] Invalid cookie header: "Set-Cookie: AWSALBCORS=VPvKeRP2/lYUIF5UhgYq/4IdrPoBuEVZ6uJ/9a0OloGovDYGxrd08OkEqrbXHlJ5Ar9lagbAH2QZFulFMAHKU4LNQykVqI6OJWBN8tqOEBJ5MG8aqmdiiU30bzdy; Expires=Fri, 17 Oct 2025 11:57:22 GMT; Path=/; SameSite=None; Secure". Invalid 'expires' attribute: Fri, 17 Oct 2025 11:57:22 GMT
2025-10-10T11:57:24,912 INFO  [ConnectDownloadThread-1-1] [org.nuxeo.connect.downloads.LocalDownloadingPackage] Added nuxeo-jsf-ui-10.10.0
2025-10-10T11:57:25,037 WARN  [ConnectDownloadThread-1-1] [org.apache.http.client.protocol.ResponseProcessCookies] Invalid cookie header: "Set-Cookie: AWSALB=DKsZ+EHeFlEPI0oNBQ/8HG+dWI4nVqSQLjG9JGb5ns6dLNPSx9YvzFnkvVj9w/EmnjiaJGjGRH/gQCBOdzoMgRmIs5AXiU5hibkMYE0SuNCsu6fS8cKrrmAeJpa/; Expires=Fri, 17 Oct 2025 11:57:25 GMT; Path=/". Invalid 'expires' attribute: Fri, 17 Oct 2025 11:57:25 GMT
2025-10-10T11:57:25,038 WARN  [ConnectDownloadThread-1-1] [org.apache.http.client.protocol.ResponseProcessCookies] Invalid cookie header: "Set-Cookie: AWSALBCORS=DKsZ+EHeFlEPI0oNBQ/8HG+dWI4nVqSQLjG9JGb5ns6dLNPSx9YvzFnkvVj9w/EmnjiaJGjGRH/gQCBOdzoMgRmIs5AXiU5hibkMYE0SuNCsu6fS8cKrrmAeJpa/; Expires=Fri, 17 Oct 2025 11:57:25 GMT; Path=/; SameSite=None; Secure". Invalid 'expires' attribute: Fri, 17 Oct 2025 11:57:25 GMT
2025-10-10T11:57:25,086 WARN  [ConnectDownloadThread-1-1] [org.apache.http.client.protocol.ResponseProcessCookies] Invalid cookie header: "Set-Cookie: AWSALB=0BZDKjJ5gE+xEZbjWCp6DVy1FjSf5zQCc1ntnjumDFEA/SJHcpsTakE0F5JYqT4c92cRnA/9qroyE+cHn37Wjy0aIjJay8lEtwglO0wy4J88VuRC+9Jzu5ORIzwc; Expires=Fri, 17 Oct 2025 11:57:25 GMT; Path=/". Invalid 'expires' attribute: Fri, 17 Oct 2025 11:57:25 GMT
2025-10-10T11:57:25,087 WARN  [ConnectDownloadThread-1-1] [org.apache.http.client.protocol.ResponseProcessCookies] Invalid cookie header: "Set-Cookie: AWSALBCORS=0BZDKjJ5gE+xEZbjWCp6DVy1FjSf5zQCc1ntnjumDFEA/SJHcpsTakE0F5JYqT4c92cRnA/9qroyE+cHn37Wjy0aIjJay8lEtwglO0wy4J88VuRC+9Jzu5ORIzwc; Expires=Fri, 17 Oct 2025 11:57:25 GMT; Path=/; SameSite=None; Secure". Invalid 'expires' attribute: Fri, 17 Oct 2025 11:57:25 GMT
2025-10-10T11:57:25,099 INFO  [ConnectDownloadThread-1-1] [org.nuxeo.connect.downloads.LocalDownloadingPackage] Added nuxeo-jsf-to-web-ui-1.2.3
2025-10-10T11:57:25,220 WARN  [ConnectDownloadThread-1-1] [org.apache.http.client.protocol.ResponseProcessCookies] Invalid cookie header: "Set-Cookie: AWSALB=oRY7HiHj3ynSc+FBtIGGegg8DoyGya01QVWpJybMqR3O0C7JArQSYcz4TvnpQpIwmLqKRgvy6atvhjBqQXpP/jjTtRn9MAQJIdyBEQI/3J9Dm/NocTvlxKwDZxT8; Expires=Fri, 17 Oct 2025 11:57:25 GMT; Path=/". Invalid 'expires' attribute: Fri, 17 Oct 2025 11:57:25 GMT
2025-10-10T11:57:25,221 WARN  [ConnectDownloadThread-1-1] [org.apache.http.client.protocol.ResponseProcessCookies] Invalid cookie header: "Set-Cookie: AWSALBCORS=oRY7HiHj3ynSc+FBtIGGegg8DoyGya01QVWpJybMqR3O0C7JArQSYcz4TvnpQpIwmLqKRgvy6atvhjBqQXpP/jjTtRn9MAQJIdyBEQI/3J9Dm/NocTvlxKwDZxT8; Expires=Fri, 17 Oct 2025 11:57:25 GMT; Path=/; SameSite=None; Secure". Invalid 'expires' attribute: Fri, 17 Oct 2025 11:57:25 GMT
2025-10-10T11:57:25,264 WARN  [ConnectDownloadThread-1-1] [org.apache.http.client.protocol.ResponseProcessCookies] Invalid cookie header: "Set-Cookie: AWSALB=lUVQ0bDpG58yzwB42iOl0mNHSGooVxA+xYAmIkjqDbcHXi3CAd2J1mnGN75kKio4+JuNVxZXF3YnnvxYatn8co1M0PfJtFZPr9+ekrqNO2YhKDXlk9AA5eWaIuvK; Expires=Fri, 17 Oct 2025 11:57:25 GMT; Path=/". Invalid 'expires' attribute: Fri, 17 Oct 2025 11:57:25 GMT
2025-10-10T11:57:25,265 WARN  [ConnectDownloadThread-1-1] [org.apache.http.client.protocol.ResponseProcessCookies] Invalid cookie header: "Set-Cookie: AWSALBCORS=lUVQ0bDpG58yzwB42iOl0mNHSGooVxA+xYAmIkjqDbcHXi3CAd2J1mnGN75kKio4+JuNVxZXF3YnnvxYatn8co1M0PfJtFZPr9+ekrqNO2YhKDXlk9AA5eWaIuvK; Expires=Fri, 17 Oct 2025 11:57:25 GMT; Path=/; SameSite=None; Secure". Invalid 'expires' attribute: Fri, 17 Oct 2025 11:57:25 GMT
2025-10-10T11:57:26,195 INFO  [ConnectDownloadThread-1-1] [org.nuxeo.connect.downloads.LocalDownloadingPackage] Added nuxeo-platform-getting-started-1.3.3
2025-10-10T11:57:27,054 INFO  [main] [org.nuxeo.launcher.connect.ConnectBroker] Installing nuxeo-jsf-ui-10.10.0
2025-10-10T11:57:27,291 INFO  [main] [org.nuxeo.launcher.connect.ConnectBroker] Installing nuxeo-web-ui-2.4.0
2025-10-10T11:57:27,379 INFO  [main] [org.nuxeo.launcher.connect.ConnectBroker] Installing nuxeo-dam-6.4.3
2025-10-10T11:57:27,671 INFO  [main] [org.nuxeo.launcher.connect.ConnectBroker] Installing nuxeo-jsf-to-web-ui-1.2.3
2025-10-10T11:57:27,685 INFO  [main] [org.nuxeo.launcher.connect.ConnectBroker] Installing nuxeo-platform-getting-started-1.3.3
2025-10-10T11:57:27,751 INFO  [main] [org.nuxeo.launcher.connect.ConnectBroker] Installing 2025-0.0.0-SNAPSHOT
2025-10-10T11:57:28,893 INFO  [main] [org.nuxeo.launcher.config.ConfigurationGenerator] Nuxeo home:          /opt/nuxeo/server
2025-10-10T11:57:28,897 INFO  [main] [org.nuxeo.launcher.config.ConfigurationGenerator] Nuxeo configuration: /etc/nuxeo/nuxeo.conf
2025-10-10T11:57:28,930 INFO  [main] [org.nuxeo.launcher.config.ConfigurationGenerator] Include template: /opt/nuxeo/server/templates/common-base
2025-10-10T11:57:28,931 INFO  [main] [org.nuxeo.launcher.config.ConfigurationGenerator] Include template: /opt/nuxeo/server/templates/common
2025-10-10T11:57:28,932 INFO  [main] [org.nuxeo.launcher.config.ConfigurationGenerator] Include template: /opt/nuxeo/server/templates/default
2025-10-10T11:57:28,933 INFO  [main] [org.nuxeo.launcher.config.ConfigurationGenerator] Include template: /opt/nuxeo/server/templates/docker
2025-10-10T11:57:29,118 INFO  [NuxeoProcessThread-0] [org.nuxeo.launcher.config.ConfigurationGenerator] No current configuration, generating files...
2025-10-10T11:57:29,531 INFO  [NuxeoProcessThread-0] [org.nuxeo.launcher.config.ConfigurationGenerator] Configuration files generated.
2025-10-10T11:57:30,547 WARN  [NuxeoProcessThread-0] [org.nuxeo.launcher.NuxeoLauncher] Server started with process ID 292.
2025-10-10T11:57:30,551 INFO  [NuxeoProcessThread-0] [org.nuxeo.launcher.NuxeoLauncher] Go to http://localhost:8091/nuxeo
2025-10-10T12:07:49,209 INFO  [main] [org.nuxeo.launcher.config.ConfigurationGenerator] Nuxeo home:          /opt/nuxeo/server
2025-10-10T12:07:49,213 INFO  [main] [org.nuxeo.launcher.config.ConfigurationGenerator] Nuxeo configuration: /etc/nuxeo/nuxeo.conf
2025-10-10T12:07:49,252 INFO  [main] [org.nuxeo.launcher.config.ConfigurationGenerator] Include template: /opt/nuxeo/server/templates/common-base
2025-10-10T12:07:49,253 INFO  [main] [org.nuxeo.launcher.config.ConfigurationGenerator] Include template: /opt/nuxeo/server/templates/common
2025-10-10T12:07:49,254 INFO  [main] [org.nuxeo.launcher.config.ConfigurationGenerator] Include template: /opt/nuxeo/server/templates/default
2025-10-10T12:07:49,255 INFO  [main] [org.nuxeo.launcher.config.ConfigurationGenerator] Include template: /opt/nuxeo/server/templates/docker
2025-10-10T12:07:49,508 INFO  [main] [org.nuxeo.launcher.connect.ConnectBroker] Added /opt/nuxeo/packages/2025-charul.thacker.auditeur@lecnam.net.zip
2025-10-10T12:07:50,607 WARN  [main] [org.apache.http.client.protocol.ResponseProcessCookies] Invalid cookie header: "Set-Cookie: AWSALB=i7Slf19wsn3zU/2Fov1eVtybENrS4VoMZRUAYd+vFt/6RnRT23XUOIqfqKzXeiMd3KiojYYnjHqLKO0JtHO2AOKUs4+H9tj0XiySTQVht9a6wlSr91qpfB9xKk55; Expires=Fri, 17 Oct 2025 12:07:50 GMT; Path=/". Invalid 'expires' attribute: Fri, 17 Oct 2025 12:07:50 GMT
2025-10-10T12:07:50,608 WARN  [main] [org.apache.http.client.protocol.ResponseProcessCookies] Invalid cookie header: "Set-Cookie: AWSALBCORS=i7Slf19wsn3zU/2Fov1eVtybENrS4VoMZRUAYd+vFt/6RnRT23XUOIqfqKzXeiMd3KiojYYnjHqLKO0JtHO2AOKUs4+H9tj0XiySTQVht9a6wlSr91qpfB9xKk55; Expires=Fri, 17 Oct 2025 12:07:50 GMT; Path=/; SameSite=None; Secure". Invalid 'expires' attribute: Fri, 17 Oct 2025 12:07:50 GMT
2025-10-10T12:07:51,082 WARN  [main] [org.apache.http.client.protocol.ResponseProcessCookies] Invalid cookie header: "Set-Cookie: AWSALB=4tUTa8mTuRpYxoAvWZG3vd7XdZFjAU1b92WWlSZhqcVMbl+YZeWPCnCHuCi2ZqjNkFmfARoPhjB44mrJGdkFl79XtLpaV4JvM5Fa5qEkpzIm9AaUFegV9tvowFZM; Expires=Fri, 17 Oct 2025 12:07:51 GMT; Path=/". Invalid 'expires' attribute: Fri, 17 Oct 2025 12:07:51 GMT
2025-10-10T12:07:51,085 WARN  [main] [org.apache.http.client.protocol.ResponseProcessCookies] Invalid cookie header: "Set-Cookie: AWSALBCORS=4tUTa8mTuRpYxoAvWZG3vd7XdZFjAU1b92WWlSZhqcVMbl+YZeWPCnCHuCi2ZqjNkFmfARoPhjB44mrJGdkFl79XtLpaV4JvM5Fa5qEkpzIm9AaUFegV9tvowFZM; Expires=Fri, 17 Oct 2025 12:07:51 GMT; Path=/; SameSite=None; Secure". Invalid 'expires' attribute: Fri, 17 Oct 2025 12:07:51 GMT
2025-10-10T12:07:52,699 WARN  [main] [org.apache.http.client.protocol.ResponseProcessCookies] Invalid cookie header: "Set-Cookie: AWSALB=6HHw9JwPvN68deFqLjm3igP5F3Ev+YzHlvdLp8fKu+1HGS5gK+IE2Yxggobqk+JQTgkJkoS1kc5+7qHZ2V5ljaVwp56t0NOde4wyWHGEC6ommnfPXRenwKTilpZB; Expires=Fri, 17 Oct 2025 12:07:51 GMT; Path=/". Invalid 'expires' attribute: Fri, 17 Oct 2025 12:07:51 GMT
2025-10-10T12:07:52,700 WARN  [main] [org.apache.http.client.protocol.ResponseProcessCookies] Invalid cookie header: "Set-Cookie: AWSALBCORS=6HHw9JwPvN68deFqLjm3igP5F3Ev+YzHlvdLp8fKu+1HGS5gK+IE2Yxggobqk+JQTgkJkoS1kc5+7qHZ2V5ljaVwp56t0NOde4wyWHGEC6ommnfPXRenwKTilpZB; Expires=Fri, 17 Oct 2025 12:07:51 GMT; Path=/; SameSite=None; Secure". Invalid 'expires' attribute: Fri, 17 Oct 2025 12:07:51 GMT
2025-10-10T12:07:53,969 INFO  [main] [org.nuxeo.launcher.connect.ConnectBroker] 
Dependency resolution:
  Installation order (6):        nuxeo-jsf-ui-10.10.0/nuxeo-web-ui-2.4.0/nuxeo-dam-6.4.3/nuxeo-jsf-to-web-ui-1.2.3/nuxeo-platform-getting-started-1.3.3/2025-0.0.0-SNAPSHOT
  Packages to download (3):      nuxeo-jsf-ui:10.10.0, nuxeo-jsf-to-web-ui:1.2.3, nuxeo-platform-getting-started:1.3.3
  Local packages to install (3): nuxeo-web-ui:2.4.0, 2025:0.0.0-SNAPSHOT, nuxeo-dam:6.4.3

2025-10-10T12:07:54,020 INFO  [main] [org.nuxeo.launcher.connect.ConnectBroker] Downloading [nuxeo-jsf-ui-10.10.0, nuxeo-jsf-to-web-ui-1.2.3, nuxeo-platform-getting-started-1.3.3]...
2025-10-10T12:07:54,249 WARN  [main] [org.apache.http.client.protocol.ResponseProcessCookies] Invalid cookie header: "Set-Cookie: AWSALB=8wcGWyrElfi1RfNcmpbRA2tJGxlwId86oiGWwx9JWCk0u/TR91Jh8WVQaJ+7uf6gRLmBNzyXDxz1cYjNgxiTqPGdkZNEJLFbt7YsokKZd+DcZ/pE7VUE9OX9Oudr; Expires=Fri, 17 Oct 2025 12:07:54 GMT; Path=/". Invalid 'expires' attribute: Fri, 17 Oct 2025 12:07:54 GMT
2025-10-10T12:07:54,266 WARN  [main] [org.apache.http.client.protocol.ResponseProcessCookies] Invalid cookie header: "Set-Cookie: AWSALBCORS=8wcGWyrElfi1RfNcmpbRA2tJGxlwId86oiGWwx9JWCk0u/TR91Jh8WVQaJ+7uf6gRLmBNzyXDxz1cYjNgxiTqPGdkZNEJLFbt7YsokKZd+DcZ/pE7VUE9OX9Oudr; Expires=Fri, 17 Oct 2025 12:07:54 GMT; Path=/; SameSite=None; Secure". Invalid 'expires' attribute: Fri, 17 Oct 2025 12:07:54 GMT
2025-10-10T12:07:54,452 WARN  [ConnectDownloadThread-1-1] [org.apache.http.client.protocol.ResponseProcessCookies] Invalid cookie header: "Set-Cookie: AWSALB=TEkrc4mclwcEXZ2b8u6aIoC+jDtEc9+blSyb4TtmlDM/A23djVBIXs1eOr1Umm6pTFhsMKxBp3mKFEsFMjVvrbGs+7XBUcUozHgJjeNChujys9cgkJdUro1fKsLC; Expires=Fri, 17 Oct 2025 12:07:55 GMT; Path=/". Invalid 'expires' attribute: Fri, 17 Oct 2025 12:07:55 GMT
2025-10-10T12:07:54,454 WARN  [ConnectDownloadThread-1-1] [org.apache.http.client.protocol.ResponseProcessCookies] Invalid cookie header: "Set-Cookie: AWSALBCORS=TEkrc4mclwcEXZ2b8u6aIoC+jDtEc9+blSyb4TtmlDM/A23djVBIXs1eOr1Umm6pTFhsMKxBp3mKFEsFMjVvrbGs+7XBUcUozHgJjeNChujys9cgkJdUro1fKsLC; Expires=Fri, 17 Oct 2025 12:07:55 GMT; Path=/; SameSite=None; Secure". Invalid 'expires' attribute: Fri, 17 Oct 2025 12:07:55 GMT
2025-10-10T12:07:54,481 WARN  [main] [org.apache.http.client.protocol.ResponseProcessCookies] Invalid cookie header: "Set-Cookie: AWSALB=0OkjEEC6mII4vGYjsIokHeTekgPVtMGIL52Gzz4j9Rkzeehq/1yehZBVOAzlKpkCEp2dum6EpusdsOyS3bfOFUSivnDF26TRRJWSlrZGMuMk6BkAKU+I3oTZgqge; Expires=Fri, 17 Oct 2025 12:07:55 GMT; Path=/". Invalid 'expires' attribute: Fri, 17 Oct 2025 12:07:55 GMT
2025-10-10T12:07:54,482 WARN  [main] [org.apache.http.client.protocol.ResponseProcessCookies] Invalid cookie header: "Set-Cookie: AWSALBCORS=0OkjEEC6mII4vGYjsIokHeTekgPVtMGIL52Gzz4j9Rkzeehq/1yehZBVOAzlKpkCEp2dum6EpusdsOyS3bfOFUSivnDF26TRRJWSlrZGMuMk6BkAKU+I3oTZgqge; Expires=Fri, 17 Oct 2025 12:07:55 GMT; Path=/; SameSite=None; Secure". Invalid 'expires' attribute: Fri, 17 Oct 2025 12:07:55 GMT
2025-10-10T12:07:54,497 WARN  [ConnectDownloadThread-1-1] [org.apache.http.client.protocol.ResponseProcessCookies] Invalid cookie header: "Set-Cookie: AWSALB=da44s5nhDy5CJqKiVgffYrqKc4OkOVF7UjtQFuB7osmoPW93z1xAp9310hdhKMVeBrbTvNg5mN764o3Lapf2GjmVKS+LKnqotrVs0OqWY5sybCDRRO/OGAWS/iMb; Expires=Fri, 17 Oct 2025 12:07:55 GMT; Path=/". Invalid 'expires' attribute: Fri, 17 Oct 2025 12:07:55 GMT
2025-10-10T12:07:54,499 WARN  [ConnectDownloadThread-1-1] [org.apache.http.client.protocol.ResponseProcessCookies] Invalid cookie header: "Set-Cookie: AWSALBCORS=da44s5nhDy5CJqKiVgffYrqKc4OkOVF7UjtQFuB7osmoPW93z1xAp9310hdhKMVeBrbTvNg5mN764o3Lapf2GjmVKS+LKnqotrVs0OqWY5sybCDRRO/OGAWS/iMb; Expires=Fri, 17 Oct 2025 12:07:55 GMT; Path=/; SameSite=None; Secure". Invalid 'expires' attribute: Fri, 17 Oct 2025 12:07:55 GMT
2025-10-10T12:07:54,782 WARN  [main] [org.apache.http.client.protocol.ResponseProcessCookies] Invalid cookie header: "Set-Cookie: AWSALB=NWoraFS1hywAVbzMm3b3gWjIpa1qr8pcqmmMLa9rsRrHwUU0fgSdPtSGg+bitgj/LOifb08cTzYyoE7jM9FxClqJ+WjROCJwnzMZzOKc9LfRbzhcNS0N0hemSsKM; Expires=Fri, 17 Oct 2025 12:07:55 GMT; Path=/". Invalid 'expires' attribute: Fri, 17 Oct 2025 12:07:55 GMT
2025-10-10T12:07:54,782 WARN  [main] [org.apache.http.client.protocol.ResponseProcessCookies] Invalid cookie header: "Set-Cookie: AWSALBCORS=NWoraFS1hywAVbzMm3b3gWjIpa1qr8pcqmmMLa9rsRrHwUU0fgSdPtSGg+bitgj/LOifb08cTzYyoE7jM9FxClqJ+WjROCJwnzMZzOKc9LfRbzhcNS0N0hemSsKM; Expires=Fri, 17 Oct 2025 12:07:55 GMT; Path=/; SameSite=None; Secure". Invalid 'expires' attribute: Fri, 17 Oct 2025 12:07:55 GMT
2025-10-10T12:07:57,651 INFO  [ConnectDownloadThread-1-1] [org.nuxeo.connect.downloads.LocalDownloadingPackage] Added nuxeo-jsf-ui-10.10.0
2025-10-10T12:07:57,766 WARN  [ConnectDownloadThread-1-1] [org.apache.http.client.protocol.ResponseProcessCookies] Invalid cookie header: "Set-Cookie: AWSALB=2SVdO3peOEaJ4uckp6pxkLJyHzf5Rvb70uThJFMrDm2cVx8XCUK/7M78BMOesyWFtRtWrzzv2UArFkEM6foC4Et50Oc/vzO8OM9FMJnoYLULyToe9Z8GKz/Nu1sR; Expires=Fri, 17 Oct 2025 12:07:58 GMT; Path=/". Invalid 'expires' attribute: Fri, 17 Oct 2025 12:07:58 GMT
2025-10-10T12:07:57,767 WARN  [ConnectDownloadThread-1-1] [org.apache.http.client.protocol.ResponseProcessCookies] Invalid cookie header: "Set-Cookie: AWSALBCORS=2SVdO3peOEaJ4uckp6pxkLJyHzf5Rvb70uThJFMrDm2cVx8XCUK/7M78BMOesyWFtRtWrzzv2UArFkEM6foC4Et50Oc/vzO8OM9FMJnoYLULyToe9Z8GKz/Nu1sR; Expires=Fri, 17 Oct 2025 12:07:58 GMT; Path=/; SameSite=None; Secure". Invalid 'expires' attribute: Fri, 17 Oct 2025 12:07:58 GMT
2025-10-10T12:07:57,826 WARN  [ConnectDownloadThread-1-1] [org.apache.http.client.protocol.ResponseProcessCookies] Invalid cookie header: "Set-Cookie: AWSALB=4GfShxZVkEGyJN7jXfzB+bULhlmdbD5AS6ax9U+v83C4GHCga0GdCDggolZ3tV5XVXBNvZeAm2bnCKC7CS9hxm/0X3XRkpudFhPzAt/7tyGsKsFdkm2aeb0pqvjX; Expires=Fri, 17 Oct 2025 12:07:58 GMT; Path=/". Invalid 'expires' attribute: Fri, 17 Oct 2025 12:07:58 GMT
2025-10-10T12:07:57,827 WARN  [ConnectDownloadThread-1-1] [org.apache.http.client.protocol.ResponseProcessCookies] Invalid cookie header: "Set-Cookie: AWSALBCORS=4GfShxZVkEGyJN7jXfzB+bULhlmdbD5AS6ax9U+v83C4GHCga0GdCDggolZ3tV5XVXBNvZeAm2bnCKC7CS9hxm/0X3XRkpudFhPzAt/7tyGsKsFdkm2aeb0pqvjX; Expires=Fri, 17 Oct 2025 12:07:58 GMT; Path=/; SameSite=None; Secure". Invalid 'expires' attribute: Fri, 17 Oct 2025 12:07:58 GMT
2025-10-10T12:07:57,837 INFO  [ConnectDownloadThread-1-1] [org.nuxeo.connect.downloads.LocalDownloadingPackage] Added nuxeo-jsf-to-web-ui-1.2.3
2025-10-10T12:07:57,948 WARN  [ConnectDownloadThread-1-1] [org.apache.http.client.protocol.ResponseProcessCookies] Invalid cookie header: "Set-Cookie: AWSALB=o0TB3vlZnDeafYc3CeZuoPMk7vWrTwydKUu+aYGGrHyefmpDGkaNRpi4C4h5o5BPS7LxGxebu/aG/k7I6hs/zlnD/E0Op4eUE0eHuWMB61pyWeHvNogguriT1tUV; Expires=Fri, 17 Oct 2025 12:07:58 GMT; Path=/". Invalid 'expires' attribute: Fri, 17 Oct 2025 12:07:58 GMT
2025-10-10T12:07:57,949 WARN  [ConnectDownloadThread-1-1] [org.apache.http.client.protocol.ResponseProcessCookies] Invalid cookie header: "Set-Cookie: AWSALBCORS=o0TB3vlZnDeafYc3CeZuoPMk7vWrTwydKUu+aYGGrHyefmpDGkaNRpi4C4h5o5BPS7LxGxebu/aG/k7I6hs/zlnD/E0Op4eUE0eHuWMB61pyWeHvNogguriT1tUV; Expires=Fri, 17 Oct 2025 12:07:58 GMT; Path=/; SameSite=None; Secure". Invalid 'expires' attribute: Fri, 17 Oct 2025 12:07:58 GMT
2025-10-10T12:07:57,991 WARN  [ConnectDownloadThread-1-1] [org.apache.http.client.protocol.ResponseProcessCookies] Invalid cookie header: "Set-Cookie: AWSALB=r8hNVMaBq9H5LFd0I8qTTrEN7BiL+AY29DFW/L/IJvFJyL9M2WDQdbRJHFJhU3f47UcEDJZpJwzTQIsLCzt6wUZDw7d0wCA4artuAYJq52tqCjX5EYsUycCnuch2; Expires=Fri, 17 Oct 2025 12:07:58 GMT; Path=/". Invalid 'expires' attribute: Fri, 17 Oct 2025 12:07:58 GMT
2025-10-10T12:07:57,993 WARN  [ConnectDownloadThread-1-1] [org.apache.http.client.protocol.ResponseProcessCookies] Invalid cookie header: "Set-Cookie: AWSALBCORS=r8hNVMaBq9H5LFd0I8qTTrEN7BiL+AY29DFW/L/IJvFJyL9M2WDQdbRJHFJhU3f47UcEDJZpJwzTQIsLCzt6wUZDw7d0wCA4artuAYJq52tqCjX5EYsUycCnuch2; Expires=Fri, 17 Oct 2025 12:07:58 GMT; Path=/; SameSite=None; Secure". Invalid 'expires' attribute: Fri, 17 Oct 2025 12:07:58 GMT
2025-10-10T12:07:59,040 INFO  [ConnectDownloadThread-1-1] [org.nuxeo.connect.downloads.LocalDownloadingPackage] Added nuxeo-platform-getting-started-1.3.3
2025-10-10T12:07:59,786 INFO  [main] [org.nuxeo.launcher.connect.ConnectBroker] Installing nuxeo-jsf-ui-10.10.0
2025-10-10T12:08:00,063 INFO  [main] [org.nuxeo.launcher.connect.ConnectBroker] Installing nuxeo-web-ui-2.4.0
2025-10-10T12:08:00,173 INFO  [main] [org.nuxeo.launcher.connect.ConnectBroker] Installing nuxeo-dam-6.4.3
2025-10-10T12:08:01,990 INFO  [main] [org.nuxeo.launcher.connect.ConnectBroker] Installing nuxeo-jsf-to-web-ui-1.2.3
2025-10-10T12:08:02,022 INFO  [main] [org.nuxeo.launcher.connect.ConnectBroker] Installing nuxeo-platform-getting-started-1.3.3
2025-10-10T12:08:02,129 INFO  [main] [org.nuxeo.launcher.connect.ConnectBroker] Installing 2025-0.0.0-SNAPSHOT
2025-10-10T12:08:03,421 INFO  [main] [org.nuxeo.launcher.config.ConfigurationGenerator] Nuxeo home:          /opt/nuxeo/server
2025-10-10T12:08:03,424 INFO  [main] [org.nuxeo.launcher.config.ConfigurationGenerator] Nuxeo configuration: /etc/nuxeo/nuxeo.conf
2025-10-10T12:08:03,455 INFO  [main] [org.nuxeo.launcher.config.ConfigurationGenerator] Include template: /opt/nuxeo/server/templates/common-base
2025-10-10T12:08:03,456 INFO  [main] [org.nuxeo.launcher.config.ConfigurationGenerator] Include template: /opt/nuxeo/server/templates/common
2025-10-10T12:08:03,456 INFO  [main] [org.nuxeo.launcher.config.ConfigurationGenerator] Include template: /opt/nuxeo/server/templates/default
2025-10-10T12:08:03,457 INFO  [main] [org.nuxeo.launcher.config.ConfigurationGenerator] Include template: /opt/nuxeo/server/templates/docker
2025-10-10T12:08:03,622 INFO  [NuxeoProcessThread-0] [org.nuxeo.launcher.config.ConfigurationGenerator] No current configuration, generating files...
2025-10-10T12:08:04,082 INFO  [NuxeoProcessThread-0] [org.nuxeo.launcher.config.ConfigurationGenerator] Configuration files generated.
2025-10-10T12:08:05,104 WARN  [NuxeoProcessThread-0] [org.nuxeo.launcher.NuxeoLauncher] Server started with process ID 293.
2025-10-10T12:08:05,107 INFO  [NuxeoProcessThread-0] [org.nuxeo.launcher.NuxeoLauncher] Go to http://localhost:8091/nuxeo
2025-10-10T12:16:47,259 INFO  [main] [org.nuxeo.launcher.config.ConfigurationGenerator] Nuxeo home:          /opt/nuxeo/server
2025-10-10T12:16:47,262 INFO  [main] [org.nuxeo.launcher.config.ConfigurationGenerator] Nuxeo configuration: /etc/nuxeo/nuxeo.conf
2025-10-10T12:16:47,283 INFO  [main] [org.nuxeo.launcher.config.ConfigurationGenerator] Include template: /opt/nuxeo/server/templates/common-base
2025-10-10T12:16:47,283 INFO  [main] [org.nuxeo.launcher.config.ConfigurationGenerator] Include template: /opt/nuxeo/server/templates/common
2025-10-10T12:16:47,283 INFO  [main] [org.nuxeo.launcher.config.ConfigurationGenerator] Include template: /opt/nuxeo/server/templates/default
2025-10-10T12:16:47,284 INFO  [main] [org.nuxeo.launcher.config.ConfigurationGenerator] Include template: /opt/nuxeo/server/templates/docker
2025-10-10T12:16:47,483 INFO  [main] [org.nuxeo.launcher.connect.ConnectBroker] Added /opt/nuxeo/packages/2025-charul.thacker.auditeur@lecnam.net.zip
2025-10-10T12:16:49,497 WARN  [main] [org.apache.http.client.protocol.ResponseProcessCookies] Invalid cookie header: "Set-Cookie: AWSALB=JXt5zoEB1vaoHl8PdZAuuAWdOYGXj+PIJTBa51BqePFOlMusBq/TF8GrZc8+niW+e23NIz4khnDfCvcaZlZWezqeZqLdCjJGtYo1uY6NsikIoFj1194ghLEXDH8q; Expires=Fri, 17 Oct 2025 12:16:49 GMT; Path=/". Invalid 'expires' attribute: Fri, 17 Oct 2025 12:16:49 GMT
2025-10-10T12:16:49,498 WARN  [main] [org.apache.http.client.protocol.ResponseProcessCookies] Invalid cookie header: "Set-Cookie: AWSALBCORS=JXt5zoEB1vaoHl8PdZAuuAWdOYGXj+PIJTBa51BqePFOlMusBq/TF8GrZc8+niW+e23NIz4khnDfCvcaZlZWezqeZqLdCjJGtYo1uY6NsikIoFj1194ghLEXDH8q; Expires=Fri, 17 Oct 2025 12:16:49 GMT; Path=/; SameSite=None; Secure". Invalid 'expires' attribute: Fri, 17 Oct 2025 12:16:49 GMT
2025-10-10T12:16:50,058 WARN  [main] [org.apache.http.client.protocol.ResponseProcessCookies] Invalid cookie header: "Set-Cookie: AWSALB=zJK+y03sZpobku+DM+xW/wssFHTJc/fiinbtCOXQV01VUYuOHlsynsn0Xb1Y02rXsYxbsaGszvywVhVCkRAOZy7YhZMIHvtDwGVdUaO0A5afRAljNA+cKW2azGG3; Expires=Fri, 17 Oct 2025 12:16:49 GMT; Path=/". Invalid 'expires' attribute: Fri, 17 Oct 2025 12:16:49 GMT
2025-10-10T12:16:50,059 WARN  [main] [org.apache.http.client.protocol.ResponseProcessCookies] Invalid cookie header: "Set-Cookie: AWSALBCORS=zJK+y03sZpobku+DM+xW/wssFHTJc/fiinbtCOXQV01VUYuOHlsynsn0Xb1Y02rXsYxbsaGszvywVhVCkRAOZy7YhZMIHvtDwGVdUaO0A5afRAljNA+cKW2azGG3; Expires=Fri, 17 Oct 2025 12:16:49 GMT; Path=/; SameSite=None; Secure". Invalid 'expires' attribute: Fri, 17 Oct 2025 12:16:49 GMT
2025-10-10T12:16:51,409 WARN  [main] [org.apache.http.client.protocol.ResponseProcessCookies] Invalid cookie header: "Set-Cookie: AWSALB=8A93+bYn0SEH3vWCDGRw7GTdiGTwEPXbHQPasm7NkSKq3LoMNDGrX2eaGT9OoXn3yjGHN3TwSmDl70i6G71vj+6p2x+dySVnK42emW4AmCFgfjXUfzFRWN28b1tp; Expires=Fri, 17 Oct 2025 12:16:50 GMT; Path=/". Invalid 'expires' attribute: Fri, 17 Oct 2025 12:16:50 GMT
2025-10-10T12:16:51,410 WARN  [main] [org.apache.http.client.protocol.ResponseProcessCookies] Invalid cookie header: "Set-Cookie: AWSALBCORS=8A93+bYn0SEH3vWCDGRw7GTdiGTwEPXbHQPasm7NkSKq3LoMNDGrX2eaGT9OoXn3yjGHN3TwSmDl70i6G71vj+6p2x+dySVnK42emW4AmCFgfjXUfzFRWN28b1tp; Expires=Fri, 17 Oct 2025 12:16:50 GMT; Path=/; SameSite=None; Secure". Invalid 'expires' attribute: Fri, 17 Oct 2025 12:16:50 GMT
2025-10-10T12:16:52,510 INFO  [main] [org.nuxeo.launcher.connect.ConnectBroker] 
Dependency resolution:
  Installation order (6):        nuxeo-jsf-ui-10.10.0/nuxeo-web-ui-2.4.0/nuxeo-dam-6.4.3/nuxeo-jsf-to-web-ui-1.2.3/nuxeo-platform-getting-started-1.3.3/2025-0.0.0-SNAPSHOT
  Packages to download (3):      nuxeo-jsf-ui:10.10.0, nuxeo-jsf-to-web-ui:1.2.3, nuxeo-platform-getting-started:1.3.3
  Local packages to install (3): nuxeo-web-ui:2.4.0, 2025:0.0.0-SNAPSHOT, nuxeo-dam:6.4.3

2025-10-10T12:16:52,530 INFO  [main] [org.nuxeo.launcher.connect.ConnectBroker] Downloading [nuxeo-jsf-ui-10.10.0, nuxeo-jsf-to-web-ui-1.2.3, nuxeo-platform-getting-started-1.3.3]...
2025-10-10T12:16:52,649 WARN  [main] [org.apache.http.client.protocol.ResponseProcessCookies] Invalid cookie header: "Set-Cookie: AWSALB=mGXUSOo/+6pIAqN8O1mNfy8mhEJW436xmBD0zirocY3E9Xsueo1ds5GB/Cup0IUbu4UprrWswmjL9Kd4jfeJJuO2lFRhe3Ba4Y6+s1tuAq2VmuByhRY8/y0BdtmB; Expires=Fri, 17 Oct 2025 12:16:52 GMT; Path=/". Invalid 'expires' attribute: Fri, 17 Oct 2025 12:16:52 GMT
2025-10-10T12:16:52,650 WARN  [main] [org.apache.http.client.protocol.ResponseProcessCookies] Invalid cookie header: "Set-Cookie: AWSALBCORS=mGXUSOo/+6pIAqN8O1mNfy8mhEJW436xmBD0zirocY3E9Xsueo1ds5GB/Cup0IUbu4UprrWswmjL9Kd4jfeJJuO2lFRhe3Ba4Y6+s1tuAq2VmuByhRY8/y0BdtmB; Expires=Fri, 17 Oct 2025 12:16:52 GMT; Path=/; SameSite=None; Secure". Invalid 'expires' attribute: Fri, 17 Oct 2025 12:16:52 GMT
2025-10-10T12:16:52,779 WARN  [ConnectDownloadThread-1-1] [org.apache.http.client.protocol.ResponseProcessCookies] Invalid cookie header: "Set-Cookie: AWSALB=6qpKeVnohjxtGnWZGIOuGbhCY8zrwW9+QZ7u0CG6sl+Yz3CRDb5l5dOhA8sCBxJujdJLKyOx+sUh7EeW5x41NDhqpLWnmRDjDdisuWuhOqhDrQAyFbj6Wz4TpPYc; Expires=Fri, 17 Oct 2025 12:16:52 GMT; Path=/". Invalid 'expires' attribute: Fri, 17 Oct 2025 12:16:52 GMT
2025-10-10T12:16:52,781 WARN  [ConnectDownloadThread-1-1] [org.apache.http.client.protocol.ResponseProcessCookies] Invalid cookie header: "Set-Cookie: AWSALBCORS=6qpKeVnohjxtGnWZGIOuGbhCY8zrwW9+QZ7u0CG6sl+Yz3CRDb5l5dOhA8sCBxJujdJLKyOx+sUh7EeW5x41NDhqpLWnmRDjDdisuWuhOqhDrQAyFbj6Wz4TpPYc; Expires=Fri, 17 Oct 2025 12:16:52 GMT; Path=/; SameSite=None; Secure". Invalid 'expires' attribute: Fri, 17 Oct 2025 12:16:52 GMT
2025-10-10T12:16:52,809 WARN  [main] [org.apache.http.client.protocol.ResponseProcessCookies] Invalid cookie header: "Set-Cookie: AWSALB=TpPKQ0iBSc3zMZ2S5rEKYNfZU6UIaNGx0KIm9mP4cGeUkirEAQ/WZNiuiSLOjlyhDS7X1rTCDepdETe9+CYEHqD16Lcb118fr8OIzc4JwgSoZB8hABK5p/p7mWqU; Expires=Fri, 17 Oct 2025 12:16:52 GMT; Path=/". Invalid 'expires' attribute: Fri, 17 Oct 2025 12:16:52 GMT
2025-10-10T12:16:52,810 WARN  [main] [org.apache.http.client.protocol.ResponseProcessCookies] Invalid cookie header: "Set-Cookie: AWSALBCORS=TpPKQ0iBSc3zMZ2S5rEKYNfZU6UIaNGx0KIm9mP4cGeUkirEAQ/WZNiuiSLOjlyhDS7X1rTCDepdETe9+CYEHqD16Lcb118fr8OIzc4JwgSoZB8hABK5p/p7mWqU; Expires=Fri, 17 Oct 2025 12:16:52 GMT; Path=/; SameSite=None; Secure". Invalid 'expires' attribute: Fri, 17 Oct 2025 12:16:52 GMT
2025-10-10T12:16:52,834 WARN  [ConnectDownloadThread-1-1] [org.apache.http.client.protocol.ResponseProcessCookies] Invalid cookie header: "Set-Cookie: AWSALB=LXCPk5SgK4Yi3B1zauit7fwuGG8GE87G9NEmYglWQCpvlVhLLNnYyfqQg0trMxMIkpGAZ9FDPvJSNSJhV2YCNGJ1yYqbDbo+ObOgptURwrLC6OXEtGsud3mMqQRR; Expires=Fri, 17 Oct 2025 12:16:52 GMT; Path=/". Invalid 'expires' attribute: Fri, 17 Oct 2025 12:16:52 GMT
2025-10-10T12:16:52,836 WARN  [ConnectDownloadThread-1-1] [org.apache.http.client.protocol.ResponseProcessCookies] Invalid cookie header: "Set-Cookie: AWSALBCORS=LXCPk5SgK4Yi3B1zauit7fwuGG8GE87G9NEmYglWQCpvlVhLLNnYyfqQg0trMxMIkpGAZ9FDPvJSNSJhV2YCNGJ1yYqbDbo+ObOgptURwrLC6OXEtGsud3mMqQRR; Expires=Fri, 17 Oct 2025 12:16:52 GMT; Path=/; SameSite=None; Secure". Invalid 'expires' attribute: Fri, 17 Oct 2025 12:16:52 GMT
2025-10-10T12:16:52,949 WARN  [main] [org.apache.http.client.protocol.ResponseProcessCookies] Invalid cookie header: "Set-Cookie: AWSALB=OHjEkXfTbfioiMuiJIE17AXhquliDwy3kLef29fGghx79Z2NN/rA9B7wp8mR95Pki5mQIJIH5PIX92czmzlJ5gtHiQLa4PFQtlssWgDaVhfEoy1i+622Gs1t0fdo; Expires=Fri, 17 Oct 2025 12:16:53 GMT; Path=/". Invalid 'expires' attribute: Fri, 17 Oct 2025 12:16:53 GMT
2025-10-10T12:16:52,949 WARN  [main] [org.apache.http.client.protocol.ResponseProcessCookies] Invalid cookie header: "Set-Cookie: AWSALBCORS=OHjEkXfTbfioiMuiJIE17AXhquliDwy3kLef29fGghx79Z2NN/rA9B7wp8mR95Pki5mQIJIH5PIX92czmzlJ5gtHiQLa4PFQtlssWgDaVhfEoy1i+622Gs1t0fdo; Expires=Fri, 17 Oct 2025 12:16:53 GMT; Path=/; SameSite=None; Secure". Invalid 'expires' attribute: Fri, 17 Oct 2025 12:16:53 GMT
2025-10-10T12:16:56,022 INFO  [ConnectDownloadThread-1-1] [org.nuxeo.connect.downloads.LocalDownloadingPackage] Added nuxeo-jsf-ui-10.10.0
2025-10-10T12:16:56,135 WARN  [ConnectDownloadThread-1-1] [org.apache.http.client.protocol.ResponseProcessCookies] Invalid cookie header: "Set-Cookie: AWSALB=7gvn+vx354W/tcyqT64fhoFwAGxCGFHvtjmh92pZbTK0/rTvXcQ2MqN0AlOanrVLHQlFg7xnySXYpYF91hcF0QVVI0qRgkOs3LkUXRlhdyP5vGLzfs55+iWLCstA; Expires=Fri, 17 Oct 2025 12:16:56 GMT; Path=/". Invalid 'expires' attribute: Fri, 17 Oct 2025 12:16:56 GMT
2025-10-10T12:16:56,136 WARN  [ConnectDownloadThread-1-1] [org.apache.http.client.protocol.ResponseProcessCookies] Invalid cookie header: "Set-Cookie: AWSALBCORS=7gvn+vx354W/tcyqT64fhoFwAGxCGFHvtjmh92pZbTK0/rTvXcQ2MqN0AlOanrVLHQlFg7xnySXYpYF91hcF0QVVI0qRgkOs3LkUXRlhdyP5vGLzfs55+iWLCstA; Expires=Fri, 17 Oct 2025 12:16:56 GMT; Path=/; SameSite=None; Secure". Invalid 'expires' attribute: Fri, 17 Oct 2025 12:16:56 GMT
2025-10-10T12:16:56,189 WARN  [ConnectDownloadThread-1-1] [org.apache.http.client.protocol.ResponseProcessCookies] Invalid cookie header: "Set-Cookie: AWSALB=JkvhZaTtnGtQCfBrx2/zdSubWt89VJGgh3mcj+96ejeWsIJfUL5Z7WWlTDli5mqdbMX1M+pMlZCNEgRR/uko7yQp9c4e2oQn8TtmwS5Z8BjegO6RwQc+mBy8FWXV; Expires=Fri, 17 Oct 2025 12:16:56 GMT; Path=/". Invalid 'expires' attribute: Fri, 17 Oct 2025 12:16:56 GMT
2025-10-10T12:16:56,189 WARN  [ConnectDownloadThread-1-1] [org.apache.http.client.protocol.ResponseProcessCookies] Invalid cookie header: "Set-Cookie: AWSALBCORS=JkvhZaTtnGtQCfBrx2/zdSubWt89VJGgh3mcj+96ejeWsIJfUL5Z7WWlTDli5mqdbMX1M+pMlZCNEgRR/uko7yQp9c4e2oQn8TtmwS5Z8BjegO6RwQc+mBy8FWXV; Expires=Fri, 17 Oct 2025 12:16:56 GMT; Path=/; SameSite=None; Secure". Invalid 'expires' attribute: Fri, 17 Oct 2025 12:16:56 GMT
2025-10-10T12:16:56,196 INFO  [ConnectDownloadThread-1-1] [org.nuxeo.connect.downloads.LocalDownloadingPackage] Added nuxeo-jsf-to-web-ui-1.2.3
2025-10-10T12:16:56,300 WARN  [ConnectDownloadThread-1-1] [org.apache.http.client.protocol.ResponseProcessCookies] Invalid cookie header: "Set-Cookie: AWSALB=Zs+Kjm9fdFpIJ5QHKu15x8YNr6mE7PJ1f0S07+QZP5yUSlH9AvL4anQB+TvAqsgSN0gPitg0BYhgWPXrQygWJHlt9HY1XzVzXvcZXa0PPphLY4Wu5286mmmjhsyZ; Expires=Fri, 17 Oct 2025 12:16:56 GMT; Path=/". Invalid 'expires' attribute: Fri, 17 Oct 2025 12:16:56 GMT
2025-10-10T12:16:56,300 WARN  [ConnectDownloadThread-1-1] [org.apache.http.client.protocol.ResponseProcessCookies] Invalid cookie header: "Set-Cookie: AWSALBCORS=Zs+Kjm9fdFpIJ5QHKu15x8YNr6mE7PJ1f0S07+QZP5yUSlH9AvL4anQB+TvAqsgSN0gPitg0BYhgWPXrQygWJHlt9HY1XzVzXvcZXa0PPphLY4Wu5286mmmjhsyZ; Expires=Fri, 17 Oct 2025 12:16:56 GMT; Path=/; SameSite=None; Secure". Invalid 'expires' attribute: Fri, 17 Oct 2025 12:16:56 GMT
2025-10-10T12:16:56,622 WARN  [ConnectDownloadThread-1-1] [org.apache.http.client.protocol.ResponseProcessCookies] Invalid cookie header: "Set-Cookie: AWSALB=c+icwA9KUSgNEYcua3fW2037/f7LWegU+eZgfr2Cjk2krS2CDtaxq+15ZaVybC5QohSbOQWaqZhbu9H9R9otX3iXWAEw7K//unL86n85IlFe48dpqQ3w62oOZD/O; Expires=Fri, 17 Oct 2025 12:16:56 GMT; Path=/". Invalid 'expires' attribute: Fri, 17 Oct 2025 12:16:56 GMT
2025-10-10T12:16:56,623 WARN  [ConnectDownloadThread-1-1] [org.apache.http.client.protocol.ResponseProcessCookies] Invalid cookie header: "Set-Cookie: AWSALBCORS=c+icwA9KUSgNEYcua3fW2037/f7LWegU+eZgfr2Cjk2krS2CDtaxq+15ZaVybC5QohSbOQWaqZhbu9H9R9otX3iXWAEw7K//unL86n85IlFe48dpqQ3w62oOZD/O; Expires=Fri, 17 Oct 2025 12:16:56 GMT; Path=/; SameSite=None; Secure". Invalid 'expires' attribute: Fri, 17 Oct 2025 12:16:56 GMT
2025-10-10T12:16:57,607 INFO  [ConnectDownloadThread-1-1] [org.nuxeo.connect.downloads.LocalDownloadingPackage] Added nuxeo-platform-getting-started-1.3.3
2025-10-10T12:16:57,953 INFO  [main] [org.nuxeo.launcher.connect.ConnectBroker] Installing nuxeo-jsf-ui-10.10.0
2025-10-10T12:16:58,353 INFO  [main] [org.nuxeo.launcher.connect.ConnectBroker] Installing nuxeo-web-ui-2.4.0
2025-10-10T12:16:58,460 INFO  [main] [org.nuxeo.launcher.connect.ConnectBroker] Installing nuxeo-dam-6.4.3
2025-10-10T12:16:58,971 INFO  [main] [org.nuxeo.launcher.connect.ConnectBroker] Installing nuxeo-jsf-to-web-ui-1.2.3
2025-10-10T12:16:58,985 INFO  [main] [org.nuxeo.launcher.connect.ConnectBroker] Installing nuxeo-platform-getting-started-1.3.3
2025-10-10T12:16:59,055 INFO  [main] [org.nuxeo.launcher.connect.ConnectBroker] Installing 2025-0.0.0-SNAPSHOT
2025-10-10T12:16:59,870 INFO  [main] [org.nuxeo.launcher.config.ConfigurationGenerator] Nuxeo home:          /opt/nuxeo/server
2025-10-10T12:16:59,872 INFO  [main] [org.nuxeo.launcher.config.ConfigurationGenerator] Nuxeo configuration: /etc/nuxeo/nuxeo.conf
2025-10-10T12:16:59,890 INFO  [main] [org.nuxeo.launcher.config.ConfigurationGenerator] Include template: /opt/nuxeo/server/templates/common-base
2025-10-10T12:16:59,891 INFO  [main] [org.nuxeo.launcher.config.ConfigurationGenerator] Include template: /opt/nuxeo/server/templates/common
2025-10-10T12:16:59,891 INFO  [main] [org.nuxeo.launcher.config.ConfigurationGenerator] Include template: /opt/nuxeo/server/templates/default
2025-10-10T12:16:59,892 INFO  [main] [org.nuxeo.launcher.config.ConfigurationGenerator] Include template: /opt/nuxeo/server/templates/docker
2025-10-10T12:17:00,011 INFO  [NuxeoProcessThread-0] [org.nuxeo.launcher.config.ConfigurationGenerator] No current configuration, generating files...
2025-10-10T12:17:00,477 INFO  [NuxeoProcessThread-0] [org.nuxeo.launcher.config.ConfigurationGenerator] Configuration files generated.
2025-10-10T12:17:01,492 WARN  [NuxeoProcessThread-0] [org.nuxeo.launcher.NuxeoLauncher] Server started with process ID 292.
2025-10-10T12:17:01,494 INFO  [NuxeoProcessThread-0] [org.nuxeo.launcher.NuxeoLauncher] Go to http://localhost:8091/nuxeo
2025-10-10T12:37:06,507 INFO  [main] [org.nuxeo.launcher.config.ConfigurationGenerator] Nuxeo home:          /opt/nuxeo/server
2025-10-10T12:37:06,511 INFO  [main] [org.nuxeo.launcher.config.ConfigurationGenerator] Nuxeo configuration: /etc/nuxeo/nuxeo.conf
2025-10-10T12:37:06,540 INFO  [main] [org.nuxeo.launcher.config.ConfigurationGenerator] Include template: /opt/nuxeo/server/templates/common-base
2025-10-10T12:37:06,541 INFO  [main] [org.nuxeo.launcher.config.ConfigurationGenerator] Include template: /opt/nuxeo/server/templates/common
2025-10-10T12:37:06,541 INFO  [main] [org.nuxeo.launcher.config.ConfigurationGenerator] Include template: /opt/nuxeo/server/templates/default
2025-10-10T12:37:06,543 INFO  [main] [org.nuxeo.launcher.config.ConfigurationGenerator] Include template: /opt/nuxeo/server/templates/docker
2025-10-10T12:37:06,761 INFO  [main] [org.nuxeo.launcher.connect.ConnectBroker] Added /opt/nuxeo/packages/2025-charul.thacker.auditeur@lecnam.net.zip
2025-10-10T12:37:07,694 WARN  [main] [org.apache.http.client.protocol.ResponseProcessCookies] Invalid cookie header: "Set-Cookie: AWSALB=hvUUV550XcIOnylA4K4d15Xo+KFETPA+YDhtss5TkfdgkFiBsnBL40Dr5cTqKRWrtqoZDXHIZDDBFwyyhwcVPlpE3LBN1iOowONlxiF+p3jmLTbRakoZxVUnvmxH; Expires=Fri, 17 Oct 2025 12:37:07 GMT; Path=/". Invalid 'expires' attribute: Fri, 17 Oct 2025 12:37:07 GMT
2025-10-10T12:37:07,695 WARN  [main] [org.apache.http.client.protocol.ResponseProcessCookies] Invalid cookie header: "Set-Cookie: AWSALBCORS=hvUUV550XcIOnylA4K4d15Xo+KFETPA+YDhtss5TkfdgkFiBsnBL40Dr5cTqKRWrtqoZDXHIZDDBFwyyhwcVPlpE3LBN1iOowONlxiF+p3jmLTbRakoZxVUnvmxH; Expires=Fri, 17 Oct 2025 12:37:07 GMT; Path=/; SameSite=None; Secure". Invalid 'expires' attribute: Fri, 17 Oct 2025 12:37:07 GMT
2025-10-10T12:37:08,149 WARN  [main] [org.apache.http.client.protocol.ResponseProcessCookies] Invalid cookie header: "Set-Cookie: AWSALB=hVhamv+fSzBuiz7CQuVLDEsXP8kKbrruDDGBzsbIcYC5KBUZ8jJiD/lraOjxzXAGf09LrVrOPuuW0ZJ6pnO2kh6VipKNAt6Sw3PlV4L4m4d6WB6pMNG0x5DYMaP7; Expires=Fri, 17 Oct 2025 12:37:08 GMT; Path=/". Invalid 'expires' attribute: Fri, 17 Oct 2025 12:37:08 GMT
2025-10-10T12:37:08,150 WARN  [main] [org.apache.http.client.protocol.ResponseProcessCookies] Invalid cookie header: "Set-Cookie: AWSALBCORS=hVhamv+fSzBuiz7CQuVLDEsXP8kKbrruDDGBzsbIcYC5KBUZ8jJiD/lraOjxzXAGf09LrVrOPuuW0ZJ6pnO2kh6VipKNAt6Sw3PlV4L4m4d6WB6pMNG0x5DYMaP7; Expires=Fri, 17 Oct 2025 12:37:08 GMT; Path=/; SameSite=None; Secure". Invalid 'expires' attribute: Fri, 17 Oct 2025 12:37:08 GMT
2025-10-10T12:37:09,371 WARN  [main] [org.apache.http.client.protocol.ResponseProcessCookies] Invalid cookie header: "Set-Cookie: AWSALB=Kz+ozVxFEl1Az7zVOLYZXiSIVOv6Vb2mEgdWm8d2T5JfJzmeR8EEGRUF7qq7bw7O/7ip8baZ8ViIhSyOva9YgU2IlgPqWOw4lS0Sbjn3zglbDsaSl88vBa8kqSbx; Expires=Fri, 17 Oct 2025 12:37:08 GMT; Path=/". Invalid 'expires' attribute: Fri, 17 Oct 2025 12:37:08 GMT
2025-10-10T12:37:09,372 WARN  [main] [org.apache.http.client.protocol.ResponseProcessCookies] Invalid cookie header: "Set-Cookie: AWSALBCORS=Kz+ozVxFEl1Az7zVOLYZXiSIVOv6Vb2mEgdWm8d2T5JfJzmeR8EEGRUF7qq7bw7O/7ip8baZ8ViIhSyOva9YgU2IlgPqWOw4lS0Sbjn3zglbDsaSl88vBa8kqSbx; Expires=Fri, 17 Oct 2025 12:37:08 GMT; Path=/; SameSite=None; Secure". Invalid 'expires' attribute: Fri, 17 Oct 2025 12:37:08 GMT
2025-10-10T12:37:10,592 INFO  [main] [org.nuxeo.launcher.connect.ConnectBroker] 
Dependency resolution:
  Installation order (6):        nuxeo-jsf-ui-10.10.0/nuxeo-web-ui-2.4.0/nuxeo-dam-6.4.3/nuxeo-jsf-to-web-ui-1.2.3/nuxeo-platform-getting-started-1.3.3/2025-0.0.0-SNAPSHOT
  Packages to download (3):      nuxeo-jsf-ui:10.10.0, nuxeo-jsf-to-web-ui:1.2.3, nuxeo-platform-getting-started:1.3.3
  Local packages to install (3): nuxeo-web-ui:2.4.0, 2025:0.0.0-SNAPSHOT, nuxeo-dam:6.4.3

2025-10-10T12:37:10,616 INFO  [main] [org.nuxeo.launcher.connect.ConnectBroker] Downloading [nuxeo-jsf-ui-10.10.0, nuxeo-jsf-to-web-ui-1.2.3, nuxeo-platform-getting-started-1.3.3]...
2025-10-10T12:37:10,834 WARN  [main] [org.apache.http.client.protocol.ResponseProcessCookies] Invalid cookie header: "Set-Cookie: AWSALB=AHMJ+sYq4OSKU9RhCXgRCeNt149nu7dzFQnAPNtStfGlrEqT9l2Fd8yekuqdCNxxzTWPLzq12or1YS9Ta7J0Vtv9q8smsDiLKB1l+xqW1DS6UFMbZfcfSouhG/6c; Expires=Fri, 17 Oct 2025 12:37:11 GMT; Path=/". Invalid 'expires' attribute: Fri, 17 Oct 2025 12:37:11 GMT
2025-10-10T12:37:10,835 WARN  [main] [org.apache.http.client.protocol.ResponseProcessCookies] Invalid cookie header: "Set-Cookie: AWSALBCORS=AHMJ+sYq4OSKU9RhCXgRCeNt149nu7dzFQnAPNtStfGlrEqT9l2Fd8yekuqdCNxxzTWPLzq12or1YS9Ta7J0Vtv9q8smsDiLKB1l+xqW1DS6UFMbZfcfSouhG/6c; Expires=Fri, 17 Oct 2025 12:37:11 GMT; Path=/; SameSite=None; Secure". Invalid 'expires' attribute: Fri, 17 Oct 2025 12:37:11 GMT
2025-10-10T12:37:11,089 WARN  [ConnectDownloadThread-1-1] [org.apache.http.client.protocol.ResponseProcessCookies] Invalid cookie header: "Set-Cookie: AWSALB=ecw4LVR8O/VIEtn59qcdH/nfojjd8DXSgfQHDAANBdshNOlzUhycW7BzzfC+wGx3moIzYN6awkn3uYCW+OmnQBz5Tfg/JeuMxQEmpA81yTMR1etqJc+5AuWK2BqB; Expires=Fri, 17 Oct 2025 12:37:11 GMT; Path=/". Invalid 'expires' attribute: Fri, 17 Oct 2025 12:37:11 GMT
2025-10-10T12:37:11,090 WARN  [ConnectDownloadThread-1-1] [org.apache.http.client.protocol.ResponseProcessCookies] Invalid cookie header: "Set-Cookie: AWSALBCORS=ecw4LVR8O/VIEtn59qcdH/nfojjd8DXSgfQHDAANBdshNOlzUhycW7BzzfC+wGx3moIzYN6awkn3uYCW+OmnQBz5Tfg/JeuMxQEmpA81yTMR1etqJc+5AuWK2BqB; Expires=Fri, 17 Oct 2025 12:37:11 GMT; Path=/; SameSite=None; Secure". Invalid 'expires' attribute: Fri, 17 Oct 2025 12:37:11 GMT
2025-10-10T12:37:11,122 WARN  [main] [org.apache.http.client.protocol.ResponseProcessCookies] Invalid cookie header: "Set-Cookie: AWSALB=62V12UyX5YDYWGUpwJaK84GGIiVUjVWN3zOdaptYCbcxL1vxOUzsB2Myoony9oTYqG7804iKCRAMHsBVjgUc8iuoZR5tuddoKGdb5TC9FPVCnCBmUOlHVAm+19xy; Expires=Fri, 17 Oct 2025 12:37:11 GMT; Path=/". Invalid 'expires' attribute: Fri, 17 Oct 2025 12:37:11 GMT
2025-10-10T12:37:11,123 WARN  [main] [org.apache.http.client.protocol.ResponseProcessCookies] Invalid cookie header: "Set-Cookie: AWSALBCORS=62V12UyX5YDYWGUpwJaK84GGIiVUjVWN3zOdaptYCbcxL1vxOUzsB2Myoony9oTYqG7804iKCRAMHsBVjgUc8iuoZR5tuddoKGdb5TC9FPVCnCBmUOlHVAm+19xy; Expires=Fri, 17 Oct 2025 12:37:11 GMT; Path=/; SameSite=None; Secure". Invalid 'expires' attribute: Fri, 17 Oct 2025 12:37:11 GMT
2025-10-10T12:37:11,156 WARN  [ConnectDownloadThread-1-1] [org.apache.http.client.protocol.ResponseProcessCookies] Invalid cookie header: "Set-Cookie: AWSALB=RQE16lhqmB+aTUREKHe/Z+cP8pMv2+PBKn4vT2X8rbK6ngWkto6sNXN2TzeqVjnoqZovgRZX1I80UsUu6q/DaRG2Jtphg4inpW2tXuQTIV+ZjI8dOBIydG1hD7NW; Expires=Fri, 17 Oct 2025 12:37:11 GMT; Path=/". Invalid 'expires' attribute: Fri, 17 Oct 2025 12:37:11 GMT
2025-10-10T12:37:11,156 WARN  [ConnectDownloadThread-1-1] [org.apache.http.client.protocol.ResponseProcessCookies] Invalid cookie header: "Set-Cookie: AWSALBCORS=RQE16lhqmB+aTUREKHe/Z+cP8pMv2+PBKn4vT2X8rbK6ngWkto6sNXN2TzeqVjnoqZovgRZX1I80UsUu6q/DaRG2Jtphg4inpW2tXuQTIV+ZjI8dOBIydG1hD7NW; Expires=Fri, 17 Oct 2025 12:37:11 GMT; Path=/; SameSite=None; Secure". Invalid 'expires' attribute: Fri, 17 Oct 2025 12:37:11 GMT
2025-10-10T12:37:11,499 WARN  [main] [org.apache.http.client.protocol.ResponseProcessCookies] Invalid cookie header: "Set-Cookie: AWSALB=nEOsOJERPHuZQh13am1vJHPYKiFBk2xcjmwq0gMWCCgeV118A48eyTq6Q5O3lr5fc2yVJsBRTuwd6BtVj9FfwUFk7DFPV5//1NwVaLYf8EzzRLVxDOXv6sFMEdoG; Expires=Fri, 17 Oct 2025 12:37:11 GMT; Path=/". Invalid 'expires' attribute: Fri, 17 Oct 2025 12:37:11 GMT
2025-10-10T12:37:11,499 WARN  [main] [org.apache.http.client.protocol.ResponseProcessCookies] Invalid cookie header: "Set-Cookie: AWSALBCORS=nEOsOJERPHuZQh13am1vJHPYKiFBk2xcjmwq0gMWCCgeV118A48eyTq6Q5O3lr5fc2yVJsBRTuwd6BtVj9FfwUFk7DFPV5//1NwVaLYf8EzzRLVxDOXv6sFMEdoG; Expires=Fri, 17 Oct 2025 12:37:11 GMT; Path=/; SameSite=None; Secure". Invalid 'expires' attribute: Fri, 17 Oct 2025 12:37:11 GMT
2025-10-10T12:37:17,799 INFO  [ConnectDownloadThread-1-1] [org.nuxeo.connect.downloads.LocalDownloadingPackage] Added nuxeo-jsf-ui-10.10.0
2025-10-10T12:37:17,964 WARN  [ConnectDownloadThread-1-1] [org.apache.http.client.protocol.ResponseProcessCookies] Invalid cookie header: "Set-Cookie: AWSALB=NpmiaUN1XgcQHv1z3PuexdGTnC4jr6oWf6+HoYBbrBZhqSCgJ4Lw7P1+syHk41Rxpm/V9t79LhqgaRbnf0u/oDgjwixqJ/bZ7CA3o1boKXIjLVlUJVWc2ML0oEcW; Expires=Fri, 17 Oct 2025 12:37:18 GMT; Path=/". Invalid 'expires' attribute: Fri, 17 Oct 2025 12:37:18 GMT
2025-10-10T12:37:17,965 WARN  [ConnectDownloadThread-1-1] [org.apache.http.client.protocol.ResponseProcessCookies] Invalid cookie header: "Set-Cookie: AWSALBCORS=NpmiaUN1XgcQHv1z3PuexdGTnC4jr6oWf6+HoYBbrBZhqSCgJ4Lw7P1+syHk41Rxpm/V9t79LhqgaRbnf0u/oDgjwixqJ/bZ7CA3o1boKXIjLVlUJVWc2ML0oEcW; Expires=Fri, 17 Oct 2025 12:37:18 GMT; Path=/; SameSite=None; Secure". Invalid 'expires' attribute: Fri, 17 Oct 2025 12:37:18 GMT
2025-10-10T12:37:18,015 WARN  [ConnectDownloadThread-1-1] [org.apache.http.client.protocol.ResponseProcessCookies] Invalid cookie header: "Set-Cookie: AWSALB=7fA3jHxCbGcutbsrH5KPKL/fWTbVSw9wA3BXkBeTzSe6K9rlDbQg4kmv+BHuWp2yl9ZTHKlaQCdRf7RUmy37dD3ZZlBg4tXX183oi2X8HjIWL0yJPttCpvoAeWH3; Expires=Fri, 17 Oct 2025 12:37:18 GMT; Path=/". Invalid 'expires' attribute: Fri, 17 Oct 2025 12:37:18 GMT
2025-10-10T12:37:18,016 WARN  [ConnectDownloadThread-1-1] [org.apache.http.client.protocol.ResponseProcessCookies] Invalid cookie header: "Set-Cookie: AWSALBCORS=7fA3jHxCbGcutbsrH5KPKL/fWTbVSw9wA3BXkBeTzSe6K9rlDbQg4kmv+BHuWp2yl9ZTHKlaQCdRf7RUmy37dD3ZZlBg4tXX183oi2X8HjIWL0yJPttCpvoAeWH3; Expires=Fri, 17 Oct 2025 12:37:18 GMT; Path=/; SameSite=None; Secure". Invalid 'expires' attribute: Fri, 17 Oct 2025 12:37:18 GMT
2025-10-10T12:37:18,030 INFO  [ConnectDownloadThread-1-1] [org.nuxeo.connect.downloads.LocalDownloadingPackage] Added nuxeo-jsf-to-web-ui-1.2.3
2025-10-10T12:37:18,192 WARN  [ConnectDownloadThread-1-1] [org.apache.http.client.protocol.ResponseProcessCookies] Invalid cookie header: "Set-Cookie: AWSALB=Oy+/MC0CfM+snNqxorez/mp5pPckfvuTSbckMkyQHbbE9NVZZ6SSF5py5uPQMoIyYjDXKz5LMSwlmQTb5aTwBumEhxvVzrkYwJg89xnxvOSgkpfHqIthqchBd/rp; Expires=Fri, 17 Oct 2025 12:37:18 GMT; Path=/". Invalid 'expires' attribute: Fri, 17 Oct 2025 12:37:18 GMT
2025-10-10T12:37:18,193 WARN  [ConnectDownloadThread-1-1] [org.apache.http.client.protocol.ResponseProcessCookies] Invalid cookie header: "Set-Cookie: AWSALBCORS=Oy+/MC0CfM+snNqxorez/mp5pPckfvuTSbckMkyQHbbE9NVZZ6SSF5py5uPQMoIyYjDXKz5LMSwlmQTb5aTwBumEhxvVzrkYwJg89xnxvOSgkpfHqIthqchBd/rp; Expires=Fri, 17 Oct 2025 12:37:18 GMT; Path=/; SameSite=None; Secure". Invalid 'expires' attribute: Fri, 17 Oct 2025 12:37:18 GMT
2025-10-10T12:37:18,259 WARN  [ConnectDownloadThread-1-1] [org.apache.http.client.protocol.ResponseProcessCookies] Invalid cookie header: "Set-Cookie: AWSALB=JeURjHvWG/sNdvgFPXRrywrQXwymr6pART8iRFLAjPTxravDsxQ9xkU9qZ3Yqar64HwTFtGPjT6JVHFo17UIUbc8iTryZmJcB43M9/1HxSYp3q0HiYDX8Nor2GWi; Expires=Fri, 17 Oct 2025 12:37:18 GMT; Path=/". Invalid 'expires' attribute: Fri, 17 Oct 2025 12:37:18 GMT
2025-10-10T12:37:18,259 WARN  [ConnectDownloadThread-1-1] [org.apache.http.client.protocol.ResponseProcessCookies] Invalid cookie header: "Set-Cookie: AWSALBCORS=JeURjHvWG/sNdvgFPXRrywrQXwymr6pART8iRFLAjPTxravDsxQ9xkU9qZ3Yqar64HwTFtGPjT6JVHFo17UIUbc8iTryZmJcB43M9/1HxSYp3q0HiYDX8Nor2GWi; Expires=Fri, 17 Oct 2025 12:37:18 GMT; Path=/; SameSite=None; Secure". Invalid 'expires' attribute: Fri, 17 Oct 2025 12:37:18 GMT
2025-10-10T12:37:20,258 INFO  [ConnectDownloadThread-1-1] [org.nuxeo.connect.downloads.LocalDownloadingPackage] Added nuxeo-platform-getting-started-1.3.3
2025-10-10T12:37:20,505 INFO  [main] [org.nuxeo.launcher.connect.ConnectBroker] Installing nuxeo-jsf-ui-10.10.0
2025-10-10T12:37:20,787 INFO  [main] [org.nuxeo.launcher.connect.ConnectBroker] Installing nuxeo-web-ui-2.4.0
2025-10-10T12:37:20,892 INFO  [main] [org.nuxeo.launcher.connect.ConnectBroker] Installing nuxeo-dam-6.4.3
2025-10-10T12:37:21,362 INFO  [main] [org.nuxeo.launcher.connect.ConnectBroker] Installing nuxeo-jsf-to-web-ui-1.2.3
2025-10-10T12:37:21,371 INFO  [main] [org.nuxeo.launcher.connect.ConnectBroker] Installing nuxeo-platform-getting-started-1.3.3
2025-10-10T12:37:21,422 INFO  [main] [org.nuxeo.launcher.connect.ConnectBroker] Installing 2025-0.0.0-SNAPSHOT
2025-10-10T12:37:22,236 INFO  [main] [org.nuxeo.launcher.config.ConfigurationGenerator] Nuxeo home:          /opt/nuxeo/server
2025-10-10T12:37:22,239 INFO  [main] [org.nuxeo.launcher.config.ConfigurationGenerator] Nuxeo configuration: /etc/nuxeo/nuxeo.conf
2025-10-10T12:37:22,269 INFO  [main] [org.nuxeo.launcher.config.ConfigurationGenerator] Include template: /opt/nuxeo/server/templates/common-base
2025-10-10T12:37:22,269 INFO  [main] [org.nuxeo.launcher.config.ConfigurationGenerator] Include template: /opt/nuxeo/server/templates/common
2025-10-10T12:37:22,270 INFO  [main] [org.nuxeo.launcher.config.ConfigurationGenerator] Include template: /opt/nuxeo/server/templates/default
2025-10-10T12:37:22,271 INFO  [main] [org.nuxeo.launcher.config.ConfigurationGenerator] Include template: /opt/nuxeo/server/templates/docker
2025-10-10T12:37:22,419 INFO  [NuxeoProcessThread-0] [org.nuxeo.launcher.config.ConfigurationGenerator] No current configuration, generating files...
2025-10-10T12:37:22,857 INFO  [NuxeoProcessThread-0] [org.nuxeo.launcher.config.ConfigurationGenerator] Configuration files generated.
2025-10-10T12:37:23,874 WARN  [NuxeoProcessThread-0] [org.nuxeo.launcher.NuxeoLauncher] Server started with process ID 292.
2025-10-10T12:37:23,877 INFO  [NuxeoProcessThread-0] [org.nuxeo.launcher.NuxeoLauncher] Go to http://localhost:8091/nuxeo
