OpenJDK 64-Bit Server VM (25.302-b08) for linux-amd64 JRE (1.8.0_302-b08), built on Jul 16 2021 05:13:40 by "openjdk" with gcc 4.4.7 20120313 (Red Hat 4.4.7-23)
Memory: 4k page, physical 7788736k(2862392k free), swap 2097152k(2097152k free)
CommandLine flags: -XX:InitialHeapSize=124619776 -XX:MaxHeapSize=1993916416 -XX:+PrintGC -XX:+PrintGCDetails -XX:+PrintGCTimeStamps -XX:+UseCompressedClassPointers -XX:+UseCompressedOops -XX:+UseParallelGC 
0.836: [GC (Allocation Failure) [PSYoungGen: 30720K->5102K(35840K)] 30720K->7807K(117760K), 0.0098826 secs] [Times: user=0.03 sys=0.02, real=0.01 secs] 
1.194: [GC (Allocation Failure) [PSYoungGen: 35822K->5099K(66560K)] 38527K->13116K(148480K), 0.0102556 secs] [Times: user=0.03 sys=0.02, real=0.00 secs] 
2.389: [GC (Allocation Failure) [PSYoungGen: 66539K->5109K(66560K)] 74556K->18733K(148480K), 0.0178096 secs] [Times: user=0.06 sys=0.04, real=0.02 secs] 
3.475: [GC (Allocation Failure) [PSYoungGen: 66549K->5090K(128000K)] 80173K->21230K(209920K), 0.0085490 secs] [Times: user=0.04 sys=0.01, real=0.00 secs] 
5.064: [GC (Metadata GC Threshold) [PSYoungGen: 60815K->5116K(128000K)] 76955K->23571K(209920K), 0.0112668 secs] [Times: user=0.02 sys=0.03, real=0.02 secs] 
5.076: [Full GC (Metadata GC Threshold) [PSYoungGen: 5116K->0K(128000K)] [ParOldGen: 18454K->13054K(59392K)] 23571K->13054K(187392K), [Metaspace: 20692K->20692K(1069056K)], 0.0246017 secs] [Times: user=0.12 sys=0.00, real=0.02 secs] 
6.262: [GC (Allocation Failure) [PSYoungGen: 122880K->12258K(228352K)] 135934K->27812K(287744K), 0.0249797 secs] [Times: user=0.01 sys=0.04, real=0.03 secs] 
7.666: [GC (Allocation Failure) [PSYoungGen: 228322K->14703K(255488K)] 243876K->30264K(314880K), 0.0321685 secs] [Times: user=0.05 sys=0.05, real=0.03 secs] 
8.584: [GC (Allocation Failure) [PSYoungGen: 255343K->16883K(396800K)] 270904K->36856K(456192K), 0.0110565 secs] [Times: user=0.04 sys=0.06, real=0.02 secs] 
9.387: [GC (Allocation Failure) [PSYoungGen: 396787K->20979K(400896K)] 416760K->59264K(460288K), 0.0176293 secs] [Times: user=0.05 sys=0.12, real=0.02 secs] 
10.004: [GC (Allocation Failure) [PSYoungGen: 400883K->31218K(579072K)] 439168K->84321K(638464K), 0.0189482 secs] [Times: user=0.05 sys=0.15, real=0.02 secs] 
10.024: [Full GC (Ergonomics) [PSYoungGen: 31218K->12434K(579072K)] [ParOldGen: 53103K->59380K(128000K)] 84321K->71814K(707072K), [Metaspace: 29690K->29690K(1077248K)], 0.0741103 secs] [Times: user=0.53 sys=0.05, real=0.08 secs] 
16.696: [GC (Allocation Failure) [PSYoungGen: 560274K->29495K(588800K)] 619654K->99710K(716800K), 0.0459125 secs] [Times: user=0.09 sys=0.12, real=0.04 secs] 
17.649: [GC (Metadata GC Threshold) [PSYoungGen: 153102K->9210K(606720K)] 223317K->95243K(734720K), 0.0134391 secs] [Times: user=0.09 sys=0.02, real=0.01 secs] 
17.663: [Full GC (Metadata GC Threshold) [PSYoungGen: 9210K->0K(606720K)] [ParOldGen: 86032K->84474K(171008K)] 95243K->84474K(777728K), [Metaspace: 49434K->49434K(1093632K)], 0.1417115 secs] [Times: user=1.40 sys=0.02, real=0.15 secs] 
20.574: [GC (Allocation Failure) [PSYoungGen: 563712K->17866K(581632K)] 648186K->102348K(752640K), 0.0220757 secs] [Times: user=0.05 sys=0.01, real=0.02 secs] 
23.078: [GC (Metadata GC Threshold) [PSYoungGen: 202544K->19736K(605184K)] 287026K->107459K(776192K), 0.0152025 secs] [Times: user=0.06 sys=0.00, real=0.02 secs] 
23.094: [Full GC (Metadata GC Threshold) [PSYoungGen: 19736K->0K(605184K)] [ParOldGen: 87722K->102522K(209920K)] 107459K->102522K(815104K), [Metaspace: 81740K->81740K(1122304K)], 0.0760751 secs] [Times: user=0.46 sys=0.05, real=0.07 secs] 
32.271: [GC (Allocation Failure) [PSYoungGen: 565248K->38397K(603648K)] 667770K->149289K(813568K), 0.0489009 secs] [Times: user=0.24 sys=0.02, real=0.05 secs] 
35.783: [GC (Allocation Failure) [PSYoungGen: 603645K->30011K(599552K)] 714537K->162945K(809472K), 0.0619190 secs] [Times: user=0.21 sys=0.12, real=0.07 secs] 
37.265: [GC (Allocation Failure) [PSYoungGen: 583995K->12219K(601600K)] 716929K->158954K(811520K), 0.0335427 secs] [Times: user=0.28 sys=0.05, real=0.04 secs] 
40.721: [GC (Allocation Failure) [PSYoungGen: 566203K->44279K(590336K)] 712938K->192858K(800256K), 0.0383698 secs] [Times: user=0.13 sys=0.03, real=0.04 secs] 
45.214: [GC (Allocation Failure) [PSYoungGen: 588023K->28979K(596480K)] 736602K->182026K(806400K), 0.0281860 secs] [Times: user=0.19 sys=0.01, real=0.02 secs] 
120.274: [GC (Metadata GC Threshold) [PSYoungGen: 288106K->20268K(590848K)] 441153K->177352K(800768K), 0.1675316 secs] [Times: user=0.39 sys=0.03, real=0.16 secs] 
120.442: [Full GC (Metadata GC Threshold) [PSYoungGen: 20268K->0K(590848K)] [ParOldGen: 157084K->148239K(278016K)] 177352K->148239K(868864K), [Metaspace: 135108K->135078K(1171456K)], 0.7056159 secs] [Times: user=3.03 sys=0.04, real=0.71 secs] 
131.231: [GC (Allocation Failure) [PSYoungGen: 544205K->21135K(593920K)] 692444K->169382K(871936K), 0.0356550 secs] [Times: user=0.24 sys=0.00, real=0.04 secs] 
141.442: [GC (Allocation Failure) [PSYoungGen: 565391K->18640K(595456K)] 713638K->166895K(873472K), 0.0446296 secs] [Times: user=0.15 sys=0.01, real=0.05 secs] 
473.644: [GC (Allocation Failure) [PSYoungGen: 570576K->20795K(598016K)] 718831K->169066K(876032K), 0.2772553 secs] [Times: user=3.10 sys=0.04, real=0.28 secs] 
