OpenJDK 64-Bit Server VM (25.302-b08) for linux-amd64 JRE (1.8.0_302-b08), built on Jul 16 2021 05:13:40 by "openjdk" with gcc 4.4.7 20120313 (Red Hat 4.4.7-23)
Memory: 4k page, physical 7788736k(2241924k free), swap 2097152k(1637096k free)
CommandLine flags: -XX:InitialHeapSize=124619776 -XX:MaxHeapSize=1993916416 -XX:+PrintGC -XX:+PrintGCDetails -XX:+PrintGCTimeStamps -XX:+UseCompressedClassPointers -XX:+UseCompressedOops -XX:+UseParallelGC 
0.566: [GC (Allocation Failure) [PSYoungGen: 30720K->5118K(35840K)] 30720K->6092K(117760K), 0.0085356 secs] [Times: user=0.02 sys=0.01, real=0.00 secs] 
0.799: [GC (Allocation Failure) [PSYoungGen: 35838K->5101K(66560K)] 36812K->7493K(148480K), 0.0063452 secs] [Times: user=0.01 sys=0.02, real=0.01 secs] 
1.285: [GC (Allocation Failure) [PSYoungGen: 66541K->5094K(66560K)] 68933K->12255K(148480K), 0.0070530 secs] [Times: user=0.04 sys=0.00, real=0.00 secs] 
2.036: [GC (Allocation Failure) [PSYoungGen: 66534K->5100K(128000K)] 73695K->16021K(209920K), 0.0097541 secs] [Times: user=0.03 sys=0.01, real=0.01 secs] 
3.894: [GC (Metadata GC Threshold) [PSYoungGen: 96567K->5115K(128000K)] 107488K->18583K(209920K), 0.0091744 secs] [Times: user=0.04 sys=0.02, real=0.02 secs] 
3.904: [Full GC (Metadata GC Threshold) [PSYoungGen: 5115K->0K(128000K)] [ParOldGen: 13467K->9719K(53760K)] 18583K->9719K(181760K), [Metaspace: 20578K->20578K(1069056K)], 0.0185753 secs] [Times: user=0.08 sys=0.01, real=0.01 secs] 
4.418: [GC (Allocation Failure) [PSYoungGen: 122880K->10220K(228864K)] 132599K->24062K(282624K), 0.0138908 secs] [Times: user=0.02 sys=0.02, real=0.01 secs] 
5.525: [GC (Allocation Failure) [PSYoungGen: 228844K->13793K(252416K)] 242686K->37966K(306176K), 0.0328021 secs] [Times: user=0.10 sys=0.04, real=0.03 secs] 
6.122: [GC (Allocation Failure) [PSYoungGen: 252385K->20450K(412160K)] 276558K->44729K(465920K), 0.0159020 secs] [Times: user=0.07 sys=0.04, real=0.02 secs] 
6.853: [GC (Allocation Failure) [PSYoungGen: 412130K->23549K(415232K)] 436409K->61690K(468992K), 0.0266529 secs] [Times: user=0.06 sys=0.19, real=0.03 secs] 
7.303: [GC (Allocation Failure) [PSYoungGen: 415229K->32768K(594944K)] 453370K->86815K(649216K), 0.0196960 secs] [Times: user=0.10 sys=0.14, real=0.02 secs] 
7.323: [Full GC (Ergonomics) [PSYoungGen: 32768K->8774K(594944K)] [ParOldGen: 54047K->53885K(118272K)] 86815K->62660K(713216K), [Metaspace: 28898K->28898K(1075200K)], 0.0432505 secs] [Times: user=0.33 sys=0.02, real=0.05 secs] 
11.618: [GC (Allocation Failure) [PSYoungGen: 570950K->29017K(591360K)] 624836K->90665K(709632K), 0.0361698 secs] [Times: user=0.06 sys=0.10, real=0.03 secs] 
12.453: [GC (Metadata GC Threshold) [PSYoungGen: 268712K->13479K(605696K)] 330360K->89361K(723968K), 0.0145111 secs] [Times: user=0.05 sys=0.06, real=0.02 secs] 
12.468: [Full GC (Metadata GC Threshold) [PSYoungGen: 13479K->0K(605696K)] [ParOldGen: 75882K->81303K(157696K)] 89361K->81303K(763392K), [Metaspace: 48349K->48349K(1093632K)], 0.0928331 secs] [Times: user=0.93 sys=0.03, real=0.09 secs] 
14.485: [GC (Allocation Failure) [PSYoungGen: 560640K->20848K(581632K)] 641943K->102160K(739328K), 0.0106763 secs] [Times: user=0.05 sys=0.01, real=0.01 secs] 
16.202: [GC (Metadata GC Threshold) [PSYoungGen: 226945K->20829K(603648K)] 308256K->110097K(761344K), 0.0127248 secs] [Times: user=0.08 sys=0.01, real=0.01 secs] 
16.215: [Full GC (Metadata GC Threshold) [PSYoungGen: 20829K->0K(603648K)] [ParOldGen: 89268K->102497K(197632K)] 110097K->102497K(801280K), [Metaspace: 80067K->80067K(1122304K)], 0.1437103 secs] [Times: user=1.43 sys=0.04, real=0.15 secs] 
19.533: [GC (Allocation Failure) [PSYoungGen: 562176K->39920K(602112K)] 664673K->147902K(799744K), 0.0364144 secs] [Times: user=0.12 sys=0.01, real=0.04 secs] 
21.188: [GC (Allocation Failure) [PSYoungGen: 602096K->18442K(603648K)] 710078K->145908K(801280K), 0.0174726 secs] [Times: user=0.11 sys=0.08, real=0.02 secs] 
22.660: [GC (Allocation Failure) [PSYoungGen: 574986K->25869K(582656K)] 702452K->153343K(780288K), 0.0125116 secs] [Times: user=0.07 sys=0.00, real=0.01 secs] 
24.313: [GC (Allocation Failure) [PSYoungGen: 582413K->45045K(567296K)] 709887K->205444K(764928K), 0.0532497 secs] [Times: user=0.18 sys=0.03, real=0.06 secs] 
25.377: [GC (Metadata GC Threshold) [PSYoungGen: 242154K->20268K(585728K)] 402553K->187339K(783360K), 0.0155739 secs] [Times: user=0.11 sys=0.01, real=0.01 secs] 
25.393: [Full GC (Metadata GC Threshold) [PSYoungGen: 20268K->0K(585728K)] [ParOldGen: 167070K->134133K(254976K)] 187339K->134133K(840704K), [Metaspace: 132277K->132205K(1169408K)], 0.1106566 secs] [Times: user=0.56 sys=0.02, real=0.12 secs] 
30.975: [GC (Allocation Failure) [PSYoungGen: 522240K->29321K(579072K)] 656373K->163462K(834048K), 0.0144528 secs] [Times: user=0.09 sys=0.01, real=0.02 secs] 
53.162: [GC (Allocation Failure) [PSYoungGen: 553636K->28358K(583680K)] 687778K->162507K(838656K), 0.0134216 secs] [Times: user=0.14 sys=0.00, real=0.02 secs] 
1680.574: [GC (Allocation Failure) [PSYoungGen: 553158K->24238K(527360K)] 687307K->158395K(782336K), 0.9024023 secs] [Times: user=11.63 sys=0.00, real=0.91 secs] 
1746.822: [GC (Allocation Failure) [PSYoungGen: 527022K->32675K(514560K)] 661179K->166840K(769536K), 0.0350636 secs] [Times: user=0.29 sys=0.00, real=0.04 secs] 
1749.612: [GC (Allocation Failure) [PSYoungGen: 514467K->36483K(538624K)] 648632K->172890K(793600K), 0.0713721 secs] [Times: user=0.80 sys=0.00, real=0.08 secs] 
1775.334: [GC (Allocation Failure) [PSYoungGen: 524419K->34756K(502784K)] 660826K->171171K(757760K), 0.0238406 secs] [Times: user=0.23 sys=0.00, real=0.03 secs] 
1794.604: [GC (Allocation Failure) [PSYoungGen: 502624K->36237K(484864K)] 639039K->172660K(739840K), 0.0170420 secs] [Times: user=0.13 sys=0.01, real=0.01 secs] 
1943.744: [GC (Allocation Failure) [PSYoungGen: 484633K->39834K(470016K)] 621056K->178441K(724992K), 0.0370204 secs] [Times: user=0.44 sys=0.00, real=0.03 secs] 
3368.724: [GC (Allocation Failure) [PSYoungGen: 469914K->38557K(451584K)] 608521K->181631K(706560K), 0.4174328 secs] [Times: user=5.20 sys=0.00, real=0.41 secs] 
6369.202: [GC (Allocation Failure) [PSYoungGen: 451229K->38952K(435712K)] 594303K->186494K(690688K), 0.3098612 secs] [Times: user=3.63 sys=0.00, real=0.31 secs] 
6714.293: [GC (Allocation Failure) [PSYoungGen: 435240K->38723K(419328K)] 582782K->190732K(674304K), 0.1101791 secs] [Times: user=1.30 sys=0.00, real=0.12 secs] 
6727.439: [GC (Allocation Failure) [PSYoungGen: 418885K->39653K(405504K)] 570893K->193846K(660480K), 0.0428262 secs] [Times: user=0.46 sys=0.00, real=0.04 secs] 
